Archive member included to satisfy reference by file (symbol)

D:/ST/STM32CubeIDE_1.12.1/STM32CubeIDE/plugins/com.st.stm32cube.ide.mcu.externaltools.gnu-tools-for-stm32.12.3.rel1.win32_1.0.100.202403111256/tools/bin/../lib/gcc/arm-none-eabi/12.3.1/../../../../arm-none-eabi/lib/thumb/v7e-m+fp/hard\libc_nano.a(libc_a-exit.o)
                              D:/ST/STM32CubeIDE_1.12.1/STM32CubeIDE/plugins/com.st.stm32cube.ide.mcu.externaltools.gnu-tools-for-stm32.12.3.rel1.win32_1.0.100.202403111256/tools/bin/../lib/gcc/arm-none-eabi/12.3.1/../../../../arm-none-eabi/lib/thumb/v7e-m+fp/hard/crt0.o (exit)
D:/ST/STM32CubeIDE_1.12.1/STM32CubeIDE/plugins/com.st.stm32cube.ide.mcu.externaltools.gnu-tools-for-stm32.12.3.rel1.win32_1.0.100.202403111256/tools/bin/../lib/gcc/arm-none-eabi/12.3.1/../../../../arm-none-eabi/lib/thumb/v7e-m+fp/hard\libc_nano.a(libc_a-findfp.o)
                              D:/ST/STM32CubeIDE_1.12.1/STM32CubeIDE/plugins/com.st.stm32cube.ide.mcu.externaltools.gnu-tools-for-stm32.12.3.rel1.win32_1.0.100.202403111256/tools/bin/../lib/gcc/arm-none-eabi/12.3.1/../../../../arm-none-eabi/lib/thumb/v7e-m+fp/hard\libc_nano.a(libc_a-exit.o) (__stdio_exit_handler)
D:/ST/STM32CubeIDE_1.12.1/STM32CubeIDE/plugins/com.st.stm32cube.ide.mcu.externaltools.gnu-tools-for-stm32.12.3.rel1.win32_1.0.100.202403111256/tools/bin/../lib/gcc/arm-none-eabi/12.3.1/../../../../arm-none-eabi/lib/thumb/v7e-m+fp/hard\libc_nano.a(libc_a-fwalk.o)
                              D:/ST/STM32CubeIDE_1.12.1/STM32CubeIDE/plugins/com.st.stm32cube.ide.mcu.externaltools.gnu-tools-for-stm32.12.3.rel1.win32_1.0.100.202403111256/tools/bin/../lib/gcc/arm-none-eabi/12.3.1/../../../../arm-none-eabi/lib/thumb/v7e-m+fp/hard\libc_nano.a(libc_a-findfp.o) (_fwalk_sglue)
D:/ST/STM32CubeIDE_1.12.1/STM32CubeIDE/plugins/com.st.stm32cube.ide.mcu.externaltools.gnu-tools-for-stm32.12.3.rel1.win32_1.0.100.202403111256/tools/bin/../lib/gcc/arm-none-eabi/12.3.1/../../../../arm-none-eabi/lib/thumb/v7e-m+fp/hard\libc_nano.a(libc_a-stdio.o)
                              D:/ST/STM32CubeIDE_1.12.1/STM32CubeIDE/plugins/com.st.stm32cube.ide.mcu.externaltools.gnu-tools-for-stm32.12.3.rel1.win32_1.0.100.202403111256/tools/bin/../lib/gcc/arm-none-eabi/12.3.1/../../../../arm-none-eabi/lib/thumb/v7e-m+fp/hard\libc_nano.a(libc_a-findfp.o) (__sread)
D:/ST/STM32CubeIDE_1.12.1/STM32CubeIDE/plugins/com.st.stm32cube.ide.mcu.externaltools.gnu-tools-for-stm32.12.3.rel1.win32_1.0.100.202403111256/tools/bin/../lib/gcc/arm-none-eabi/12.3.1/../../../../arm-none-eabi/lib/thumb/v7e-m+fp/hard\libc_nano.a(libc_a-memset.o)
                              D:/ST/STM32CubeIDE_1.12.1/STM32CubeIDE/plugins/com.st.stm32cube.ide.mcu.externaltools.gnu-tools-for-stm32.12.3.rel1.win32_1.0.100.202403111256/tools/bin/../lib/gcc/arm-none-eabi/12.3.1/../../../../arm-none-eabi/lib/thumb/v7e-m+fp/hard/crt0.o (memset)
D:/ST/STM32CubeIDE_1.12.1/STM32CubeIDE/plugins/com.st.stm32cube.ide.mcu.externaltools.gnu-tools-for-stm32.12.3.rel1.win32_1.0.100.202403111256/tools/bin/../lib/gcc/arm-none-eabi/12.3.1/../../../../arm-none-eabi/lib/thumb/v7e-m+fp/hard\libc_nano.a(libc_a-closer.o)
                              D:/ST/STM32CubeIDE_1.12.1/STM32CubeIDE/plugins/com.st.stm32cube.ide.mcu.externaltools.gnu-tools-for-stm32.12.3.rel1.win32_1.0.100.202403111256/tools/bin/../lib/gcc/arm-none-eabi/12.3.1/../../../../arm-none-eabi/lib/thumb/v7e-m+fp/hard\libc_nano.a(libc_a-stdio.o) (_close_r)
D:/ST/STM32CubeIDE_1.12.1/STM32CubeIDE/plugins/com.st.stm32cube.ide.mcu.externaltools.gnu-tools-for-stm32.12.3.rel1.win32_1.0.100.202403111256/tools/bin/../lib/gcc/arm-none-eabi/12.3.1/../../../../arm-none-eabi/lib/thumb/v7e-m+fp/hard\libc_nano.a(libc_a-reent.o)
                              D:/ST/STM32CubeIDE_1.12.1/STM32CubeIDE/plugins/com.st.stm32cube.ide.mcu.externaltools.gnu-tools-for-stm32.12.3.rel1.win32_1.0.100.202403111256/tools/bin/../lib/gcc/arm-none-eabi/12.3.1/../../../../arm-none-eabi/lib/thumb/v7e-m+fp/hard\libc_nano.a(libc_a-closer.o) (errno)
D:/ST/STM32CubeIDE_1.12.1/STM32CubeIDE/plugins/com.st.stm32cube.ide.mcu.externaltools.gnu-tools-for-stm32.12.3.rel1.win32_1.0.100.202403111256/tools/bin/../lib/gcc/arm-none-eabi/12.3.1/../../../../arm-none-eabi/lib/thumb/v7e-m+fp/hard\libc_nano.a(libc_a-impure.o)
                              D:/ST/STM32CubeIDE_1.12.1/STM32CubeIDE/plugins/com.st.stm32cube.ide.mcu.externaltools.gnu-tools-for-stm32.12.3.rel1.win32_1.0.100.202403111256/tools/bin/../lib/gcc/arm-none-eabi/12.3.1/../../../../arm-none-eabi/lib/thumb/v7e-m+fp/hard\libc_nano.a(libc_a-reent.o) (_impure_ptr)
D:/ST/STM32CubeIDE_1.12.1/STM32CubeIDE/plugins/com.st.stm32cube.ide.mcu.externaltools.gnu-tools-for-stm32.12.3.rel1.win32_1.0.100.202403111256/tools/bin/../lib/gcc/arm-none-eabi/12.3.1/../../../../arm-none-eabi/lib/thumb/v7e-m+fp/hard\libc_nano.a(libc_a-lseekr.o)
[...]
Memory Configuration

Name             Origin             Length             Attributes
CCMRAM           0x10000000         0x00010000         xrw
RAM              0x20000000         0x00020000         xrw
FLASH            0x08000000         0x00080000         xr
*default*        0x00000000         0xffffffff

Linker script and memory map

LOAD D:/ST/STM32CubeIDE_1.12.1/STM32CubeIDE/plugins/com.st.stm32cube.ide.mcu.externaltools.gnu-tools-for-stm32.12.3.rel1.win32_1.0.100.202403111256/tools/bin/../lib/gcc/arm-none-eabi/12.3.1/thumb/v7e-m+fp/hard/crti.o
LOAD D:/ST/STM32CubeIDE_1.12.1/STM32CubeIDE/plugins/com.st.stm32cube.ide.mcu.externaltools.gnu-tools-for-stm32.12.3.rel1.win32_1.0.100.202403111256/tools/bin/../lib/gcc/arm-none-eabi/12.3.1/thumb/v7e-m+fp/hard/crtbegin.o
LOAD D:/ST/STM32CubeIDE_1.12.1/STM32CubeIDE/plugins/com.st.stm32cube.ide.mcu.externaltools.gnu-tools-for-stm32.12.3.rel1.win32_1.0.100.202403111256/tools/bin/../lib/gcc/arm-none-eabi/12.3.1/../../../../arm-none-eabi/lib/thumb/v7e-m+fp/hard/crt0.o
LOAD ./Core/Src/config/adc_config.o
LOAD ./Core/Src/config/clock_config.o
LOAD ./Core/Src/config/config.o
LOAD ./Core/Src/config/dac_config.o
LOAD ./Core/Src/config/dma_config.o
LOAD ./Core/Src/config/gpio_config.o
LOAD ./Core/Src/config/timer_config.o
LOAD ./Core/Src/controllers/pid_controller.o
LOAD ./Core/Src/main.o
LOAD ./Core/Src/stm32f4xx_hal_msp.o
LOAD ./Core/Src/stm32f4xx_it.o
LOAD ./Core/Src/syscalls.o
LOAD ./Core/Src/sysmem.o
LOAD ./Core/Src/system_stm32f4xx.o
LOAD ./Core/Src/models/acquisition_model.o
LOAD ./Core/Src/models/pwm_model.o
LOAD ./Core/Src/unit/error_handler.o
LOAD ./Core/Startup/startup_stm32f407vetx.o
LOAD ./Drivers/STM32F4xx_HAL_Driver/Src/stm32f4xx_hal.o
LOAD ./Drivers/STM32F4xx_HAL_Driver/Src/stm32f4xx_hal_adc.o
LOAD ./Drivers/STM32F4xx_HAL_Driver/Src/stm32f4xx_hal_adc_ex.o
LOAD ./Drivers/STM32F4xx_HAL_Driver/Src/stm32f4xx_hal_cortex.o
LOAD ./Drivers/STM32F4xx_HAL_Driver/Src/stm32f4xx_hal_dac.o
LOAD ./Drivers/STM32F4xx_HAL_Driver/Src/stm32f4xx_hal_dac_ex.o
LOAD ./Drivers/STM32F4xx_HAL_Driver/Src/stm32f4xx_hal_dma.o
LOAD ./Drivers/STM32F4xx_HAL_Driver/Src/stm32f4xx_hal_dma_ex.o
LOAD ./Drivers/STM32F4xx_HAL_Driver/Src/stm32f4xx_hal_exti.o
LOAD ./Drivers/STM32F4xx_HAL_Driver/Src/stm32f4xx_hal_flash.o
LOAD ./Drivers/STM32F4xx_HAL_Driver/Src/stm32f4xx_hal_flash_ex.o
LOAD ./Drivers/STM32F4xx_HAL_Driver/Src/stm32f4xx_hal_flash_ramfunc.o
LOAD ./Drivers/STM32F4xx_HAL_Driver/Src/stm32f4xx_hal_gpio.o
LOAD ./Drivers/STM32F4xx_HAL_Driver/Src/stm32f4xx_hal_pwr.o
LOAD ./Drivers/STM32F4xx_HAL_Driver/Src/stm32f4xx_hal_pwr_ex.o
LOAD ./Drivers/STM32F4xx_HAL_Driver/Src/stm32f4xx_hal_rcc.o
LOAD ./Drivers/STM32F4xx_HAL_Driver/Src/stm32f4xx_hal_rcc_ex.o
LOAD ./Drivers/STM32F4xx_HAL_Driver/Src/stm32f4xx_hal_rtc.o
LOAD ./Drivers/STM32F4xx_HAL_Driver/Src/stm32f4xx_hal_rtc_ex.o
LOAD ./Drivers/STM32F4xx_HAL_Driver/Src/stm32f4xx_hal_tim.o
LOAD ./Drivers/STM32F4xx_HAL_Driver/Src/stm32f4xx_hal_tim_ex.o
LOAD ./Drivers/STM32F4xx_HAL_Driver/Src/stm32f4xx_ll_adc.o
START GROUP
LOAD D:/ST/STM32CubeIDE_1.12.1/STM32CubeIDE/plugins/com.st.stm32cube.ide.mcu.externaltools.gnu-tools-for-stm32.12.3.rel1.win32_1.0.100.202403111256/tools/bin/../lib/gcc/arm-none-eabi/12.3.1/../../../../arm-none-eabi/lib/thumb/v7e-m+fp/hard\libc_nano.a
LOAD D:/ST/STM32CubeIDE_1.12.1/STM32CubeIDE/plugins/com.st.stm32cube.ide.mcu.externaltools.gnu-tools-for-stm32.12.3.rel1.win32_1.0.100.202403111256/tools/bin/../lib/gcc/arm-none-eabi/12.3.1/../../../../arm-none-eabi/lib/thumb/v7e-m+fp/hard\libm.a
END GROUP
START GROUP
LOAD D:/ST/STM32CubeIDE_1.12.1/STM32CubeIDE/plugins/com.st.stm32cube.ide.mcu.externaltools.gnu-tools-for-stm32.12.3.rel1.win32_1.0.100.202403111256/tools/bin/../lib/gcc/arm-none-eabi/12.3.1/thumb/v7e-m+fp/hard\libgcc.a
LOAD D:/ST/STM32CubeIDE_1.12.1/STM32CubeIDE/plugins/com.st.stm32cube.ide.mcu.externaltools.gnu-tools-for-stm32.12.3.rel1.win32_1.0.100.202403111256/tools/bin/../lib/gcc/arm-none-eabi/12.3.1/../../../../arm-none-eabi/lib/thumb/v7e-m+fp/hard\libc_nano.a
END GROUP
START GROUP
LOAD D:/ST/STM32CubeIDE_1.12.1/STM32CubeIDE/plugins/com.st.stm32cube.ide.mcu.externaltools.gnu-tools-for-stm32.12.3.rel1.win32_1.0.100.202403111256/tools/bin/../lib/gcc/arm-none-eabi/12.3.1/thumb/v7e-m+fp/hard\libgcc.a
LOAD D:/ST/STM32CubeIDE_1.12.1/STM32CubeIDE/plugins/com.st.stm32cube.ide.mcu.externaltools.gnu-tools-for-stm32.12.3.rel1.win32_1.0.100.202403111256/tools/bin/../lib/gcc/arm-none-eabi/12.3.1/../../../../arm-none-eabi/lib/thumb/v7e-m+fp/hard\libc_nano.a
LOAD D:/ST/STM32CubeIDE_1.12.1/STM32CubeIDE/plugins/com.st.stm32cube.ide.mcu.externaltools.gnu-tools-for-stm32.12.3.rel1.win32_1.0.100.202403111256/tools/bin/../lib/gcc/arm-none-eabi/12.3.1/../../../../arm-none-eabi/lib/thumb/v7e-m+fp/hard\libnosys.a
END GROUP
START GROUP
LOAD D:/ST/STM32CubeIDE_1.12.1/STM32CubeIDE/plugins/com.st.stm32cube.ide.mcu.externaltools.gnu-tools-for-stm32.12.3.rel1.win32_1.0.100.202403111256/tools/bin/../lib/gcc/arm-none-eabi/12.3.1/thumb/v7e-m+fp/hard\libgcc.a
LOAD D:/ST/STM32CubeIDE_1.12.1/STM32CubeIDE/plugins/com.st.stm32cube.ide.mcu.externaltools.gnu-tools-for-stm32.12.3.rel1.win32_1.0.100.202403111256/tools/bin/../lib/gcc/arm-none-eabi/12.3.1/../../../../arm-none-eabi/lib/thumb/v7e-m+fp/hard\libc_nano.a
LOAD D:/ST/STM32CubeIDE_1.12.1/STM32CubeIDE/plugins/com.st.stm32cube.ide.mcu.externaltools.gnu-tools-for-stm32.12.3.rel1.win32_1.0.100.202403111256/tools/bin/../lib/gcc/arm-none-eabi/12.3.1/../../../../arm-none-eabi/lib/thumb/v7e-m+fp/hard\libnosys.a
END GROUP
LOAD D:/ST/STM32CubeIDE_1.12.1/STM32CubeIDE/plugins/com.st.stm32cube.ide.mcu.externaltools.gnu-tools-for-stm32.12.3.rel1.win32_1.0.100.202403111256/tools/bin/../lib/gcc/arm-none-eabi/12.3.1/thumb/v7e-m+fp/hard/crtend.o
LOAD D:/ST/STM32CubeIDE_1.12.1/STM32CubeIDE/plugins/com.st.stm32cube.ide.mcu.externaltools.gnu-tools-for-stm32.12.3.rel1.win32_1.0.100.202403111256/tools/bin/../lib/gcc/arm-none-eabi/12.3.1/thumb/v7e-m+fp/hard/crtn.o
                0x20020000                        _estack = (ORIGIN (RAM) + LENGTH (RAM))
                0x00000200                        _Min_Heap_Size = 0x200
                0x00000400                        _Min_Stack_Size = 0x400

.isr_vector     0x08000000      0x188
                0x08000000                        . = ALIGN (0x4)
 *(.isr_vector)
 .isr_vector    0x08000000      0x188 ./Core/Startup/startup_stm32f407vetx.o
                0x08000000                g_pfnVectors
                0x08000188                        . = ALIGN (0x4)

.text           0x08000188     0x5e88
                0x08000188                        . = ALIGN (0x4)
 *(.text)
 .text          0x08000188       0x40 D:/ST/STM32CubeIDE_1.12.1/STM32CubeIDE/plugins/com.st.stm32cube.ide.mcu.externaltools.gnu-tools-for-stm32.12.3.rel1.win32_1.0.100.202403111256/tools/bin/../lib/gcc/arm-none-eabi/12.3.1/thumb/v7e-m+fp/hard/crtbegin.o
 .text          0x080001c8      0x378 D:/ST/STM32CubeIDE_1.12.1/STM32CubeIDE/plugins/com.st.stm32cube.ide.mcu.externaltools.gnu-tools-for-stm32.12.3.rel1.win32_1.0.100.202403111256/tools/bin/../lib/gcc/arm-none-eabi/12.3.1/thumb/v7e-m+fp/hard\libgcc.a(_arm_addsubdf3.o)
                0x080001c8                __aeabi_drsub
                0x080001d0                __aeabi_dsub
                0x080001d0                __subdf3
                0x080001d4                __aeabi_dadd
                0x080001d4                __adddf3
                0x0800044c                __floatunsidf
                0x0800044c                __aeabi_ui2d
                0x0800046c                __floatsidf
                0x0800046c                __aeabi_i2d
                0x08000490                __aeabi_f2d
                0x08000490                __extendsfdf2
                0x080004d4                __floatundidf
                0x080004d4                __aeabi_ul2d
                0x080004e4                __floatdidf
                0x080004e4                __aeabi_l2d
 .text          0x08000540      0x424 D:/ST/STM32CubeIDE_1.12.1/STM32CubeIDE/plugins/com.st.stm32cube.ide.mcu.externaltools.gnu-tools-for-stm32.12.3.rel1.win32_1.0.100.202403111256/tools/bin/../lib/gcc/arm-none-eabi/12.3.1/thumb/v7e-m+fp/hard\libgcc.a(_arm_muldivdf3.o)
                0x08000540                __aeabi_dmul
                0x08000540                __muldf3
                0x08000794                __divdf3
                0x08000794                __aeabi_ddiv
 .text          0x08000964      0x110 D:/ST/STM32CubeIDE_1.12.1/STM32CubeIDE/plugins/com.st.stm32cube.ide.mcu.externaltools.gnu-tools-for-stm32.12.3.rel1.win32_1.0.100.202403111256/tools/bin/../lib/gcc/arm-none-eabi/12.3.1/thumb/v7e-m+fp/hard\libgcc.a(_arm_cmpdf2.o)
                0x08000964                __gtdf2
                0x08000964                __gedf2
                0x0800096c                __ltdf2
                0x0800096c                __ledf2
                0x08000974                __nedf2
                0x08000974                __eqdf2
                0x08000974                __cmpdf2
                0x080009f0                __aeabi_cdrcmple
                0x08000a00                __aeabi_cdcmpeq
                0x08000a00                __aeabi_cdcmple
                0x08000a10                __aeabi_dcmpeq
                0x08000a24                __aeabi_dcmplt
                0x08000a38                __aeabi_dcmple
                0x08000a4c                __aeabi_dcmpge
                0x08000a60                __aeabi_dcmpgt
 .text          0x08000a74       0x50 D:/ST/STM32CubeIDE_1.12.1/STM32CubeIDE/plugins/com.st.stm32cube.ide.mcu.externaltools.gnu-tools-for-stm32.12.3.rel1.win32_1.0.100.202403111256/tools/bin/../lib/gcc/arm-none-eabi/12.3.1/thumb/v7e-m+fp/hard\libgcc.a(_arm_fixdfsi.o)
                0x08000a74                __aeabi_d2iz
                0x08000a74                __fixdfsi
 .text          0x08000ac4       0xa0 D:/ST/STM32CubeIDE_1.12.1/STM32CubeIDE/plugins/com.st.stm32cube.ide.mcu.externaltools.gnu-tools-for-stm32.12.3.rel1.win32_1.0.100.202403111256/tools/bin/../lib/gcc/arm-none-eabi/12.3.1/thumb/v7e-m+fp/hard\libgcc.a(_arm_truncdfsf2.o)
                0x08000ac4                __truncdfsf2
                0x08000ac4                __aeabi_d2f
 .text          0x08000b64       0x30 D:/ST/STM32CubeIDE_1.12.1/STM32CubeIDE/plugins/com.st.stm32cube.ide.mcu.externaltools.gnu-tools-for-stm32.12.3.rel1.win32_1.0.100.202403111256/tools/bin/../lib/gcc/arm-none-eabi/12.3.1/thumb/v7e-m+fp/hard\libgcc.a(_aeabi_uldivmod.o)
                0x08000b64                __aeabi_uldivmod
 .text          0x08000b94      0x2bc D:/ST/STM32CubeIDE_1.12.1/STM32CubeIDE/plugins/com.st.stm32cube.ide.mcu.externaltools.gnu-tools-for-stm32.12.3.rel1.win32_1.0.100.202403111256/tools/bin/../lib/gcc/arm-none-eabi/12.3.1/thumb/v7e-m+fp/hard\libgcc.a(_udivmoddi4.o)
                0x08000b94                __udivmoddi4
 .text          0x08000e50        0x4 D:/ST/STM32CubeIDE_1.12.1/STM32CubeIDE/plugins/com.st.stm32cube.ide.mcu.externaltools.gnu-tools-for-stm32.12.3.rel1.win32_1.0.100.202403111256/tools/bin/../lib/gcc/arm-none-eabi/12.3.1/thumb/v7e-m+fp/hard\libgcc.a(_dvmd_tls.o)
                0x08000e50                __aeabi_idiv0
                0x08000e50                __aeabi_ldiv0
 *(.text*)
 .text.ADC_Init
                0x08000e54        0xc ./Core/Src/config/adc_config.o
                0x08000e54                ADC_Init
 .text.ADC_Start
                0x08000e60       0x1c ./Core/Src/config/adc_config.o
                0x08000e60                ADC_Start
 .text.ADC1_Init
                0x08000e7c       0xe0 ./Core/Src/config/adc_config.o
 .text.System_Clock_Init
                0x08000f5c       0xd8 ./Core/Src/config/clock_config.o
                0x08000f5c                System_Clock_Init
 .text.Real_Time_Clock_Init
                0x08001034       0x4c ./Core/Src/config/clock_config.o
                0x08001034                Real_Time_Clock_Init
 .text.System_Init
                0x08001080       0x28 ./Core/Src/config/config.o
                0x08001080                System_Init
 .text.DAC_Init
                0x080010a8        0xc ./Core/Src/config/dac_config.o
                0x080010a8                DAC_Init
 .text.DAC_Out_Init
                0x080010b4       0x54 ./Core/Src/config/dac_config.o
 .text.DMA_Init
                0x08001108       0x40 ./Core/Src/config/dma_config.o
                0x08001108                DMA_Init
 .text.GPIO_Init
                0x08001148       0xd8 ./Core/Src/config/gpio_config.o
                0x08001148                GPIO_Init
 .text.TIM_Init
                0x08001220       0x20 ./Core/Src/config/timer_config.o
                0x08001220                TIM_Init
 .text.TIM1_Init
                0x08001240      0x184 ./Core/Src/config/timer_config.o
 *fill*         0x080013c4        0x4 
 .text.init_sin_V_ref
                0x080013c8       0xa0 ./Core/Src/controllers/pid_controller.o
 .text.init_pid_controller
                0x08001468        0xc ./Core/Src/controllers/pid_controller.o
                0x08001468                init_pid_controller
 .text.EnableTiming
                0x08001474       0x80 ./Core/Src/main.o
                0x08001474                EnableTiming
 .text.set_start_adc
                0x080014f4       0x20 ./Core/Src/main.o
                0x080014f4                set_start_adc
 .text.HAL_ADC_ConvCpltCallback
                0x08001514       0x1c ./Core/Src/main.o
                0x08001514                HAL_ADC_ConvCpltCallback
 .text.main     0x08001530       0x8c ./Core/Src/main.o
                0x08001530                main
 .text.HAL_MspInit
                0x080015bc       0x50 ./Core/Src/stm32f4xx_hal_msp.o
                0x080015bc                HAL_MspInit
 .text.HAL_ADC_MspInit
                0x0800160c       0xec ./Core/Src/stm32f4xx_hal_msp.o
                0x0800160c                HAL_ADC_MspInit
 .text.HAL_DAC_MspInit
                0x080016f8       0x88 ./Core/Src/stm32f4xx_hal_msp.o
                0x080016f8                HAL_DAC_MspInit
 .text.HAL_RTC_MspInit
                0x08001780       0x54 ./Core/Src/stm32f4xx_hal_msp.o
                0x08001780                HAL_RTC_MspInit
 .text.HAL_TIM_Base_MspInit
                0x080017d4       0x60 ./Core/Src/stm32f4xx_hal_msp.o
                0x080017d4                HAL_TIM_Base_MspInit
 .text.HAL_TIM_MspPostInit
                0x08001834       0xb4 ./Core/Src/stm32f4xx_hal_msp.o
                0x08001834                HAL_TIM_MspPostInit
 .text.NMI_Handler
                0x080018e8        0x8 ./Core/Src/stm32f4xx_it.o
                0x080018e8                NMI_Handler
 .text.HardFault_Handler
                0x080018f0        0x8 ./Core/Src/stm32f4xx_it.o
                0x080018f0                HardFault_Handler
 .text.MemManage_Handler
                0x080018f8        0x8 ./Core/Src/stm32f4xx_it.o
                0x080018f8                MemManage_Handler
 .text.BusFault_Handler
                0x08001900        0x8 ./Core/Src/stm32f4xx_it.o
                0x08001900                BusFault_Handler
 .text.UsageFault_Handler
                0x08001908        0x8 ./Core/Src/stm32f4xx_it.o
                0x08001908                UsageFault_Handler
 .text.SVC_Handler
                0x08001910        0xe ./Core/Src/stm32f4xx_it.o
                0x08001910                SVC_Handler
 .text.DebugMon_Handler
                0x0800191e        0xe ./Core/Src/stm32f4xx_it.o
                0x0800191e                DebugMon_Handler
 .text.PendSV_Handler
                0x0800192c        0xe ./Core/Src/stm32f4xx_it.o
                0x0800192c                PendSV_Handler
 .text.SysTick_Handler
                0x0800193a        0xc ./Core/Src/stm32f4xx_it.o
                0x0800193a                SysTick_Handler
 *fill*         0x08001946        0x2 
 .text.TIM1_UP_TIM10_IRQHandler
                0x08001948       0x14 ./Core/Src/stm32f4xx_it.o
                0x08001948                TIM1_UP_TIM10_IRQHandler
 .text.TIM1_CC_IRQHandler
                0x0800195c       0x28 ./Core/Src/stm32f4xx_it.o
                0x0800195c                TIM1_CC_IRQHandler
 .text.DMA2_Stream0_IRQHandler
                0x08001984       0x14 ./Core/Src/stm32f4xx_it.o
                0x08001984                DMA2_Stream0_IRQHandler
 .text.SystemInit
                0x08001998       0x24 ./Core/Src/system_stm32f4xx.o
                0x08001998                SystemInit
 .text.Start_Data_Conversion
                0x080019bc       0x86 ./Core/Src/models/acquisition_model.o
                0x080019bc                Start_Data_Conversion
 *fill*         0x08001a42        0x6 
 .text.Calculate_If
                0x08001a48       0x58 ./Core/Src/models/acquisition_model.o
 .text.Calculate_Io
                0x08001aa0       0x58 ./Core/Src/models/acquisition_model.o
 .text.Calculate_Vo
                0x08001af8       0x58 ./Core/Src/models/acquisition_model.o
 .text.Input_Voltage
                0x08001b50       0x6c ./Core/Src/models/acquisition_model.o
 .text.PWM_Generate
                0x08001bbc       0x2c ./Core/Src/models/pwm_model.o
                0x08001bbc                PWM_Generate
 .text.PWM_Model_Init
                0x08001be8        0xc ./Core/Src/models/pwm_model.o
                0x08001be8                PWM_Model_Init
 .text.Error_Handler
                0x08001bf4        0xc ./Core/Src/unit/error_handler.o
                0x08001bf4                Error_Handler
 .text.Reset_Handler
                0x08001c00       0x50 ./Core/Startup/startup_stm32f407vetx.o
                0x08001c00                Reset_Handler
 .text.Default_Handler
                0x08001c50        0x2 ./Core/Startup/startup_stm32f407vetx.o
                0x08001c50                RTC_Alarm_IRQHandler
                0x08001c50                HASH_RNG_IRQHandler
                0x08001c50                EXTI2_IRQHandler
                0x08001c50                TIM8_CC_IRQHandler
                0x08001c50                DMA2_Stream5_IRQHandler
                0x08001c50                DMA1_Stream5_IRQHandler
                0x08001c50                PVD_IRQHandler
                0x08001c50                SDIO_IRQHandler
                0x08001c50                TAMP_STAMP_IRQHandler
                0x08001c50                CAN2_RX1_IRQHandler
                0x08001c50                EXTI3_IRQHandler
                0x08001c50                TIM8_TRG_COM_TIM14_IRQHandler
                0x08001c50                TIM8_UP_TIM13_IRQHandler
                0x08001c50                I2C3_ER_IRQHandler
                0x08001c50                EXTI0_IRQHandler
                0x08001c50                I2C2_EV_IRQHandler
                0x08001c50                DMA1_Stream2_IRQHandler
                0x08001c50                CAN1_RX0_IRQHandler
                0x08001c50                FPU_IRQHandler
                0x08001c50                OTG_HS_WKUP_IRQHandler
                0x08001c50                CAN2_SCE_IRQHandler
                0x08001c50                DMA2_Stream2_IRQHandler
                0x08001c50                SPI1_IRQHandler
                0x08001c50                TIM6_DAC_IRQHandler
                0x08001c50                TIM1_BRK_TIM9_IRQHandler
                0x08001c50                DCMI_IRQHandler
                0x08001c50                CAN2_RX0_IRQHandler
                0x08001c50                DMA2_Stream3_IRQHandler
                0x08001c50                USART6_IRQHandler
                0x08001c50                USART3_IRQHandler
                0x08001c50                CAN1_RX1_IRQHandler
                0x08001c50                UART5_IRQHandler
                0x08001c50                TIM4_IRQHandler
                0x08001c50                I2C1_EV_IRQHandler
                0x08001c50                DMA1_Stream6_IRQHandler
                0x08001c50                DMA1_Stream1_IRQHandler
                0x08001c50                UART4_IRQHandler
                0x08001c50                TIM3_IRQHandler
                0x08001c50                RCC_IRQHandler
                0x08001c50                TIM8_BRK_TIM12_IRQHandler
                0x08001c50                Default_Handler
                0x08001c50                EXTI15_10_IRQHandler
                0x08001c50                ADC_IRQHandler
                0x08001c50                DMA1_Stream7_IRQHandler
                0x08001c50                TIM7_IRQHandler
                0x08001c50                CAN2_TX_IRQHandler
                0x08001c50                TIM5_IRQHandler
                0x08001c50                DMA2_Stream7_IRQHandler
                0x08001c50                I2C3_EV_IRQHandler
                0x08001c50                EXTI9_5_IRQHandler
                0x08001c50                RTC_WKUP_IRQHandler
                0x08001c50                ETH_WKUP_IRQHandler
                0x08001c50                SPI2_IRQHandler
                0x08001c50                OTG_HS_EP1_IN_IRQHandler
                0x08001c50                DMA1_Stream0_IRQHandler
                0x08001c50                CAN1_TX_IRQHandler
                0x08001c50                EXTI4_IRQHandler
                0x08001c50                FSMC_IRQHandler
                0x08001c50                ETH_IRQHandler
                0x08001c50                OTG_HS_EP1_OUT_IRQHandler
                0x08001c50                WWDG_IRQHandler
                0x08001c50                TIM2_IRQHandler
                0x08001c50                OTG_FS_WKUP_IRQHandler
                0x08001c50                TIM1_TRG_COM_TIM11_IRQHandler
                0x08001c50                OTG_HS_IRQHandler
                0x08001c50                EXTI1_IRQHandler
                0x08001c50                USART2_IRQHandler
                0x08001c50                I2C2_ER_IRQHandler
                0x08001c50                DMA2_Stream1_IRQHandler
                0x08001c50                CAN1_SCE_IRQHandler
                0x08001c50                FLASH_IRQHandler
                0x08001c50                DMA2_Stream4_IRQHandler
                0x08001c50                USART1_IRQHandler
                0x08001c50                OTG_FS_IRQHandler
                0x08001c50                SPI3_IRQHandler
                0x08001c50                DMA1_Stream4_IRQHandler
                0x08001c50                I2C1_ER_IRQHandler
                0x08001c50                DMA2_Stream6_IRQHandler
                0x08001c50                DMA1_Stream3_IRQHandler
 *fill*         0x08001c52        0x2 
 .text.HAL_Init
                0x08001c54       0x44 ./Drivers/STM32F4xx_HAL_Driver/Src/stm32f4xx_hal.o
                0x08001c54                HAL_Init
 .text.HAL_InitTick
                0x08001c98       0x60 ./Drivers/STM32F4xx_HAL_Driver/Src/stm32f4xx_hal.o
                0x08001c98                HAL_InitTick
 .text.HAL_IncTick
                0x08001cf8       0x28 ./Drivers/STM32F4xx_HAL_Driver/Src/stm32f4xx_hal.o
                0x08001cf8                HAL_IncTick
 .text.HAL_GetTick
                0x08001d20       0x18 ./Drivers/STM32F4xx_HAL_Driver/Src/stm32f4xx_hal.o
                0x08001d20                HAL_GetTick
 .text.HAL_ADC_Init
                0x08001d38       0x86 ./Drivers/STM32F4xx_HAL_Driver/Src/stm32f4xx_hal_adc.o
                0x08001d38                HAL_ADC_Init
 *fill*         0x08001dbe        0x2 
 .text.HAL_ADC_Start_DMA
                0x08001dc0      0x220 ./Drivers/STM32F4xx_HAL_Driver/Src/stm32f4xx_hal_adc.o
                0x08001dc0                HAL_ADC_Start_DMA
 .text.HAL_ADC_ConvHalfCpltCallback
                0x08001fe0       0x14 ./Drivers/STM32F4xx_HAL_Driver/Src/stm32f4xx_hal_adc.o
                0x08001fe0                HAL_ADC_ConvHalfCpltCallback
 .text.HAL_ADC_ErrorCallback
                0x08001ff4       0x14 ./Drivers/STM32F4xx_HAL_Driver/Src/stm32f4xx_hal_adc.o
                0x08001ff4                HAL_ADC_ErrorCallback
 .text.HAL_ADC_ConfigChannel
                0x08002008      0x244 ./Drivers/STM32F4xx_HAL_Driver/Src/stm32f4xx_hal_adc.o
                0x08002008                HAL_ADC_ConfigChannel
 .text.ADC_Init
                0x0800224c      0x1f8 ./Drivers/STM32F4xx_HAL_Driver/Src/stm32f4xx_hal_adc.o
 .text.ADC_DMAConvCplt
                0x08002444       0xba ./Drivers/STM32F4xx_HAL_Driver/Src/stm32f4xx_hal_adc.o
 .text.ADC_DMAHalfConvCplt
                0x080024fe       0x1c ./Drivers/STM32F4xx_HAL_Driver/Src/stm32f4xx_hal_adc.o
 .text.ADC_DMAError
                0x0800251a       0x2e ./Drivers/STM32F4xx_HAL_Driver/Src/stm32f4xx_hal_adc.o
 .text.__NVIC_SetPriorityGrouping
                0x08002548       0x48 ./Drivers/STM32F4xx_HAL_Driver/Src/stm32f4xx_hal_cortex.o
 .text.__NVIC_GetPriorityGrouping
                0x08002590       0x1c ./Drivers/STM32F4xx_HAL_Driver/Src/stm32f4xx_hal_cortex.o
 .text.__NVIC_EnableIRQ
                0x080025ac       0x3c ./Drivers/STM32F4xx_HAL_Driver/Src/stm32f4xx_hal_cortex.o
 .text.__NVIC_SetPriority
                0x080025e8       0x54 ./Drivers/STM32F4xx_HAL_Driver/Src/stm32f4xx_hal_cortex.o
 .text.NVIC_EncodePriority
                0x0800263c       0x66 ./Drivers/STM32F4xx_HAL_Driver/Src/stm32f4xx_hal_cortex.o
 *fill*         0x080026a2        0x2 
 .text.SysTick_Config
                0x080026a4       0x44 ./Drivers/STM32F4xx_HAL_Driver/Src/stm32f4xx_hal_cortex.o
 .text.HAL_NVIC_SetPriorityGrouping
                0x080026e8       0x16 ./Drivers/STM32F4xx_HAL_Driver/Src/stm32f4xx_hal_cortex.o
                0x080026e8                HAL_NVIC_SetPriorityGrouping
 .text.HAL_NVIC_SetPriority
                0x080026fe       0x38 ./Drivers/STM32F4xx_HAL_Driver/Src/stm32f4xx_hal_cortex.o
                0x080026fe                HAL_NVIC_SetPriority
 .text.HAL_NVIC_EnableIRQ
                0x08002736       0x1c ./Drivers/STM32F4xx_HAL_Driver/Src/stm32f4xx_hal_cortex.o
                0x08002736                HAL_NVIC_EnableIRQ
 .text.HAL_SYSTICK_Config
                0x08002752       0x18 ./Drivers/STM32F4xx_HAL_Driver/Src/stm32f4xx_hal_cortex.o
                0x08002752                HAL_SYSTICK_Config
 .text.HAL_DAC_Init
                0x0800276a       0x44 ./Drivers/STM32F4xx_HAL_Driver/Src/stm32f4xx_hal_dac.o
                0x0800276a                HAL_DAC_Init
 .text.HAL_DAC_ConfigChannel
                0x080027ae       0xb2 ./Drivers/STM32F4xx_HAL_Driver/Src/stm32f4xx_hal_dac.o
                0x080027ae                HAL_DAC_ConfigChannel
 .text.HAL_DMA_Init
                0x08002860      0x15c ./Drivers/STM32F4xx_HAL_Driver/Src/stm32f4xx_hal_dma.o
                0x08002860                HAL_DMA_Init
 .text.HAL_DMA_Start_IT
                0x080029bc       0xb0 ./Drivers/STM32F4xx_HAL_Driver/Src/stm32f4xx_hal_dma.o
                0x080029bc                HAL_DMA_Start_IT
 .text.HAL_DMA_IRQHandler
                0x08002a6c      0x314 ./Drivers/STM32F4xx_HAL_Driver/Src/stm32f4xx_hal_dma.o
                0x08002a6c                HAL_DMA_IRQHandler
 .text.DMA_SetConfig
                0x08002d80       0x5c ./Drivers/STM32F4xx_HAL_Driver/Src/stm32f4xx_hal_dma.o
 .text.DMA_CalcBaseAndBitshift
                0x08002ddc       0x6c ./Drivers/STM32F4xx_HAL_Driver/Src/stm32f4xx_hal_dma.o
 .text.DMA_CheckFifoParam
                0x08002e48       0xf8 ./Drivers/STM32F4xx_HAL_Driver/Src/stm32f4xx_hal_dma.o
 .text.HAL_GPIO_Init
                0x08002f40      0x338 ./Drivers/STM32F4xx_HAL_Driver/Src/stm32f4xx_hal_gpio.o
                0x08002f40                HAL_GPIO_Init
 .text.HAL_GPIO_WritePin
                0x08003278       0x32 ./Drivers/STM32F4xx_HAL_Driver/Src/stm32f4xx_hal_gpio.o
                0x08003278                HAL_GPIO_WritePin
 .text.HAL_GPIO_TogglePin
                0x080032aa       0x34 ./Drivers/STM32F4xx_HAL_Driver/Src/stm32f4xx_hal_gpio.o
                0x080032aa                HAL_GPIO_TogglePin
 *fill*         0x080032de        0x2 
 .text.HAL_RCC_OscConfig
                0x080032e0      0x4f0 ./Drivers/STM32F4xx_HAL_Driver/Src/stm32f4xx_hal_rcc.o
                0x080032e0                HAL_RCC_OscConfig
 .text.HAL_RCC_ClockConfig
                0x080037d0      0x1cc ./Drivers/STM32F4xx_HAL_Driver/Src/stm32f4xx_hal_rcc.o
                0x080037d0                HAL_RCC_ClockConfig
 .text.HAL_RCC_GetSysClockFreq
                0x0800399c      0x20c ./Drivers/STM32F4xx_HAL_Driver/Src/stm32f4xx_hal_rcc.o
                0x0800399c                HAL_RCC_GetSysClockFreq
 .text.HAL_RCCEx_PeriphCLKConfig
                0x08003ba8      0x1c4 ./Drivers/STM32F4xx_HAL_Driver/Src/stm32f4xx_hal_rcc_ex.o
                0x08003ba8                HAL_RCCEx_PeriphCLKConfig
 .text.HAL_RTC_Init
                0x08003d6c      0x106 ./Drivers/STM32F4xx_HAL_Driver/Src/stm32f4xx_hal_rtc.o
                0x08003d6c                HAL_RTC_Init
 *fill*         0x08003e72        0x2 
 .text.HAL_RTC_WaitForSynchro
                0x08003e74       0x4c ./Drivers/STM32F4xx_HAL_Driver/Src/stm32f4xx_hal_rtc.o
                0x08003e74                HAL_RTC_WaitForSynchro
 .text.RTC_EnterInitMode
                0x08003ec0       0x6e ./Drivers/STM32F4xx_HAL_Driver/Src/stm32f4xx_hal_rtc.o
                0x08003ec0                RTC_EnterInitMode
 .text.RTC_ExitInitMode
                0x08003f2e       0x4a ./Drivers/STM32F4xx_HAL_Driver/Src/stm32f4xx_hal_rtc.o
                0x08003f2e                RTC_ExitInitMode
 .text.HAL_TIM_Base_Init
                0x08003f78       0x9e ./Drivers/STM32F4xx_HAL_Driver/Src/stm32f4xx_hal_tim.o
                0x08003f78                HAL_TIM_Base_Init
 .text.HAL_TIM_OC_Init
                0x08004016       0x9e ./Drivers/STM32F4xx_HAL_Driver/Src/stm32f4xx_hal_tim.o
                0x08004016                HAL_TIM_OC_Init
 .text.HAL_TIM_OC_MspInit
                0x080040b4       0x14 ./Drivers/STM32F4xx_HAL_Driver/Src/stm32f4xx_hal_tim.o
                0x080040b4                HAL_TIM_OC_MspInit
 .text.HAL_TIM_PWM_Init
                0x080040c8       0x9e ./Drivers/STM32F4xx_HAL_Driver/Src/stm32f4xx_hal_tim.o
                0x080040c8                HAL_TIM_PWM_Init
 .text.HAL_TIM_PWM_MspInit
                0x08004166       0x14 ./Drivers/STM32F4xx_HAL_Driver/Src/stm32f4xx_hal_tim.o
                0x08004166                HAL_TIM_PWM_MspInit
 .text.HAL_TIM_IRQHandler
                0x0800417a      0x1e0 ./Drivers/STM32F4xx_HAL_Driver/Src/stm32f4xx_hal_tim.o
                0x0800417a                HAL_TIM_IRQHandler
 *fill*         0x0800435a        0x2 
 .text.HAL_TIM_OC_ConfigChannel
                0x0800435c       0xb8 ./Drivers/STM32F4xx_HAL_Driver/Src/stm32f4xx_hal_tim.o
                0x0800435c                HAL_TIM_OC_ConfigChannel
 .text.HAL_TIM_PWM_ConfigChannel
                0x08004414      0x184 ./Drivers/STM32F4xx_HAL_Driver/Src/stm32f4xx_hal_tim.o
                0x08004414                HAL_TIM_PWM_ConfigChannel
 .text.HAL_TIM_ConfigClockSource
                0x08004598      0x18e ./Drivers/STM32F4xx_HAL_Driver/Src/stm32f4xx_hal_tim.o
                0x08004598                HAL_TIM_ConfigClockSource
 .text.HAL_TIM_PeriodElapsedCallback
                0x08004726       0x14 ./Drivers/STM32F4xx_HAL_Driver/Src/stm32f4xx_hal_tim.o
                0x08004726                HAL_TIM_PeriodElapsedCallback
 .text.HAL_TIM_OC_DelayElapsedCallback
                0x0800473a       0x14 ./Drivers/STM32F4xx_HAL_Driver/Src/stm32f4xx_hal_tim.o
                0x0800473a                HAL_TIM_OC_DelayElapsedCallback
 .text.HAL_TIM_IC_CaptureCallback
                0x0800474e       0x14 ./Drivers/STM32F4xx_HAL_Driver/Src/stm32f4xx_hal_tim.o
                0x0800474e                HAL_TIM_IC_CaptureCallback
 .text.HAL_TIM_PWM_PulseFinishedCallback
                0x08004762       0x14 ./Drivers/STM32F4xx_HAL_Driver/Src/stm32f4xx_hal_tim.o
                0x08004762                HAL_TIM_PWM_PulseFinishedCallback
 .text.HAL_TIM_TriggerCallback
                0x08004776       0x14 ./Drivers/STM32F4xx_HAL_Driver/Src/stm32f4xx_hal_tim.o
                0x08004776                HAL_TIM_TriggerCallback
 *fill*         0x0800478a        0x2 
 .text.TIM_Base_SetConfig
                0x0800478c      0x158 ./Drivers/STM32F4xx_HAL_Driver/Src/stm32f4xx_hal_tim.o
                0x0800478c                TIM_Base_SetConfig
 .text.TIM_OC1_SetConfig
                0x080048e4       0xe0 ./Drivers/STM32F4xx_HAL_Driver/Src/stm32f4xx_hal_tim.o
 .text.TIM_OC2_SetConfig
                0x080049c4       0xec ./Drivers/STM32F4xx_HAL_Driver/Src/stm32f4xx_hal_tim.o
                0x080049c4                TIM_OC2_SetConfig
 .text.TIM_OC3_SetConfig
                0x08004ab0       0xe8 ./Drivers/STM32F4xx_HAL_Driver/Src/stm32f4xx_hal_tim.o
 .text.TIM_OC4_SetConfig
                0x08004b98       0xac ./Drivers/STM32F4xx_HAL_Driver/Src/stm32f4xx_hal_tim.o
 .text.TIM_TI1_ConfigInputStage
                0x08004c44       0x5e ./Drivers/STM32F4xx_HAL_Driver/Src/stm32f4xx_hal_tim.o
 .text.TIM_TI2_ConfigInputStage
                0x08004ca2       0x60 ./Drivers/STM32F4xx_HAL_Driver/Src/stm32f4xx_hal_tim.o
 .text.TIM_ITRx_SetConfig
                0x08004d02       0x36 ./Drivers/STM32F4xx_HAL_Driver/Src/stm32f4xx_hal_tim.o
 .text.TIM_ETR_SetConfig
                0x08004d38       0x40 ./Drivers/STM32F4xx_HAL_Driver/Src/stm32f4xx_hal_tim.o
                0x08004d38                TIM_ETR_SetConfig
 .text.HAL_TIMEx_MasterConfigSynchronization
                0x08004d78       0xf8 ./Drivers/STM32F4xx_HAL_Driver/Src/stm32f4xx_hal_tim_ex.o
                0x08004d78                HAL_TIMEx_MasterConfigSynchronization
 .text.HAL_TIMEx_ConfigBreakDeadTime
                0x08004e70       0xa4 ./Drivers/STM32F4xx_HAL_Driver/Src/stm32f4xx_hal_tim_ex.o
                0x08004e70                HAL_TIMEx_ConfigBreakDeadTime
 .text.HAL_TIMEx_CommutCallback
                0x08004f14       0x14 ./Drivers/STM32F4xx_HAL_Driver/Src/stm32f4xx_hal_tim_ex.o
                0x08004f14                HAL_TIMEx_CommutCallback
 .text.HAL_TIMEx_BreakCallback
                0x08004f28       0x14 ./Drivers/STM32F4xx_HAL_Driver/Src/stm32f4xx_hal_tim_ex.o
                0x08004f28                HAL_TIMEx_BreakCallback
 .text.memset   0x08004f3c       0x10 D:/ST/STM32CubeIDE_1.12.1/STM32CubeIDE/plugins/com.st.stm32cube.ide.mcu.externaltools.gnu-tools-for-stm32.12.3.rel1.win32_1.0.100.202403111256/tools/bin/../lib/gcc/arm-none-eabi/12.3.1/../../../../arm-none-eabi/lib/thumb/v7e-m+fp/hard\libc_nano.a(libc_a-memset.o)
                0x08004f3c                memset
 .text.__libc_init_array
                0x08004f4c       0x48 D:/ST/STM32CubeIDE_1.12.1/STM32CubeIDE/plugins/com.st.stm32cube.ide.mcu.externaltools.gnu-tools-for-stm32.12.3.rel1.win32_1.0.100.202403111256/tools/bin/../lib/gcc/arm-none-eabi/12.3.1/../../../../arm-none-eabi/lib/thumb/v7e-m+fp/hard\libc_nano.a(libc_a-init.o)
                0x08004f4c                __libc_init_array
 *fill*         0x08004f94        0x4 
 .text.sin      0x08004f98       0xa8 D:/ST/STM32CubeIDE_1.12.1/STM32CubeIDE/plugins/com.st.stm32cube.ide.mcu.externaltools.gnu-tools-for-stm32.12.3.rel1.win32_1.0.100.202403111256/tools/bin/../lib/gcc/arm-none-eabi/12.3.1/../../../../arm-none-eabi/lib/thumb/v7e-m+fp/hard\libm.a(libm_a-s_sin.o)
                0x08004f98                sin
 .text.__kernel_cos
                0x08005040      0x18c D:/ST/STM32CubeIDE_1.12.1/STM32CubeIDE/plugins/com.st.stm32cube.ide.mcu.externaltools.gnu-tools-for-stm32.12.3.rel1.win32_1.0.100.202403111256/tools/bin/../lib/gcc/arm-none-eabi/12.3.1/../../../../arm-none-eabi/lib/thumb/v7e-m+fp/hard\libm.a(libm_a-k_cos.o)
                0x08005040                __kernel_cos
 *fill*         0x080051cc        0x4 
 .text.__kernel_sin
                0x080051d0      0x174 D:/ST/STM32CubeIDE_1.12.1/STM32CubeIDE/plugins/com.st.stm32cube.ide.mcu.externaltools.gnu-tools-for-stm32.12.3.rel1.win32_1.0.100.202403111256/tools/bin/../lib/gcc/arm-none-eabi/12.3.1/../../../../arm-none-eabi/lib/thumb/v7e-m+fp/hard\libm.a(libm_a-k_sin.o)
                0x080051d0                __kernel_sin
 *fill*         0x08005344        0x4 
 .text.__ieee754_rem_pio2
                0x08005348      0x3f8 D:/ST/STM32CubeIDE_1.12.1/STM32CubeIDE/plugins/com.st.stm32cube.ide.mcu.externaltools.gnu-tools-for-stm32.12.3.rel1.win32_1.0.100.202403111256/tools/bin/../lib/gcc/arm-none-eabi/12.3.1/../../../../arm-none-eabi/lib/thumb/v7e-m+fp/hard\libm.a(libm_a-e_rem_pio2.o)
                0x08005348                __ieee754_rem_pio2
 .text.fabs     0x08005740       0x10 D:/ST/STM32CubeIDE_1.12.1/STM32CubeIDE/plugins/com.st.stm32cube.ide.mcu.externaltools.gnu-tools-for-stm32.12.3.rel1.win32_1.0.100.202403111256/tools/bin/../lib/gcc/arm-none-eabi/12.3.1/../../../../arm-none-eabi/lib/thumb/v7e-m+fp/hard\libm.a(libm_a-s_fabs.o)
                0x08005740                fabs
 .text.__kernel_rem_pio2
                0x08005750      0x6b0 D:/ST/STM32CubeIDE_1.12.1/STM32CubeIDE/plugins/com.st.stm32cube.ide.mcu.externaltools.gnu-tools-for-stm32.12.3.rel1.win32_1.0.100.202403111256/tools/bin/../lib/gcc/arm-none-eabi/12.3.1/../../../../arm-none-eabi/lib/thumb/v7e-m+fp/hard\libm.a(libm_a-k_rem_pio2.o)
                0x08005750                __kernel_rem_pio2
 .text.scalbn   0x08005e00       0xfc D:/ST/STM32CubeIDE_1.12.1/STM32CubeIDE/plugins/com.st.stm32cube.ide.mcu.externaltools.gnu-tools-for-stm32.12.3.rel1.win32_1.0.100.202403111256/tools/bin/../lib/gcc/arm-none-eabi/12.3.1/../../../../arm-none-eabi/lib/thumb/v7e-m+fp/hard\libm.a(libm_a-s_scalbn.o)
                0x08005e00                scalbn
 *fill*         0x08005efc        0x4 
 .text.floor    0x08005f00       0xf8 D:/ST/STM32CubeIDE_1.12.1/STM32CubeIDE/plugins/com.st.stm32cube.ide.mcu.externaltools.gnu-tools-for-stm32.12.3.rel1.win32_1.0.100.202403111256/tools/bin/../lib/gcc/arm-none-eabi/12.3.1/../../../../arm-none-eabi/lib/thumb/v7e-m+fp/hard\libm.a(libm_a-s_floor.o)
                0x08005f00                floor
 *(.glue_7)
 .glue_7        0x08005ff8        0x0 linker stubs
 *(.glue_7t)
 .glue_7t       0x08005ff8        0x0 linker stubs
 *(.eh_frame)
 .eh_frame      0x08005ff8        0x0 D:/ST/STM32CubeIDE_1.12.1/STM32CubeIDE/plugins/com.st.stm32cube.ide.mcu.externaltools.gnu-tools-for-stm32.12.3.rel1.win32_1.0.100.202403111256/tools/bin/../lib/gcc/arm-none-eabi/12.3.1/thumb/v7e-m+fp/hard/crtbegin.o
 *(.init)
 .init          0x08005ff8        0x4 D:/ST/STM32CubeIDE_1.12.1/STM32CubeIDE/plugins/com.st.stm32cube.ide.mcu.externaltools.gnu-tools-for-stm32.12.3.rel1.win32_1.0.100.202403111256/tools/bin/../lib/gcc/arm-none-eabi/12.3.1/thumb/v7e-m+fp/hard/crti.o
                0x08005ff8                _init
 .init          0x08005ffc        0x8 D:/ST/STM32CubeIDE_1.12.1/STM32CubeIDE/plugins/com.st.stm32cube.ide.mcu.externaltools.gnu-tools-for-stm32.12.3.rel1.win32_1.0.100.202403111256/tools/bin/../lib/gcc/arm-none-eabi/12.3.1/thumb/v7e-m+fp/hard/crtn.o
 *(.fini)
 .fini          0x08006004        0x4 D:/ST/STM32CubeIDE_1.12.1/STM32CubeIDE/plugins/com.st.stm32cube.ide.mcu.externaltools.gnu-tools-for-stm32.12.3.rel1.win32_1.0.100.202403111256/tools/bin/../lib/gcc/arm-none-eabi/12.3.1/thumb/v7e-m+fp/hard/crti.o
                0x08006004                _fini
 .fini          0x08006008        0x8 D:/ST/STM32CubeIDE_1.12.1/STM32CubeIDE/plugins/com.st.stm32cube.ide.mcu.externaltools.gnu-tools-for-stm32.12.3.rel1.win32_1.0.100.202403111256/tools/bin/../lib/gcc/arm-none-eabi/12.3.1/thumb/v7e-m+fp/hard/crtn.o
                0x08006010                        . = ALIGN (0x4)
                0x08006010                        _etext = .

.vfp11_veneer   0x08006010        0x0
 .vfp11_veneer  0x08006010        0x0 linker stubs

.v4_bx          0x08006010        0x0
 .v4_bx         0x08006010        0x0 linker stubs

.iplt           0x08006010        0x0
 .iplt          0x08006010        0x0 D:/ST/STM32CubeIDE_1.12.1/STM32CubeIDE/plugins/com.st.stm32cube.ide.mcu.externaltools.gnu-tools-for-stm32.12.3.rel1.win32_1.0.100.202403111256/tools/bin/../lib/gcc/arm-none-eabi/12.3.1/thumb/v7e-m+fp/hard/crtbegin.o

.rodata         0x08006010      0x1f0
                0x08006010                        . = ALIGN (0x4)
 *(.rodata)
 *(.rodata*)
 .rodata.AHBPrescTable
                0x08006010       0x10 ./Core/Src/system_stm32f4xx.o
                0x08006010                AHBPrescTable
 .rodata.flagBitshiftOffset.0
                0x08006020        0x8 ./Drivers/STM32F4xx_HAL_Driver/Src/stm32f4xx_hal_dma.o
 .rodata.npio2_hw
                0x08006028       0x80 D:/ST/STM32CubeIDE_1.12.1/STM32CubeIDE/plugins/com.st.stm32cube.ide.mcu.externaltools.gnu-tools-for-stm32.12.3.rel1.win32_1.0.100.202403111256/tools/bin/../lib/gcc/arm-none-eabi/12.3.1/../../../../arm-none-eabi/lib/thumb/v7e-m+fp/hard\libm.a(libm_a-e_rem_pio2.o)
 .rodata.two_over_pi
                0x080060a8      0x108 D:/ST/STM32CubeIDE_1.12.1/STM32CubeIDE/plugins/com.st.stm32cube.ide.mcu.externaltools.gnu-tools-for-stm32.12.3.rel1.win32_1.0.100.202403111256/tools/bin/../lib/gcc/arm-none-eabi/12.3.1/../../../../arm-none-eabi/lib/thumb/v7e-m+fp/hard\libm.a(libm_a-e_rem_pio2.o)
 .rodata.PIo2   0x080061b0       0x40 D:/ST/STM32CubeIDE_1.12.1/STM32CubeIDE/plugins/com.st.stm32cube.ide.mcu.externaltools.gnu-tools-for-stm32.12.3.rel1.win32_1.0.100.202403111256/tools/bin/../lib/gcc/arm-none-eabi/12.3.1/../../../../arm-none-eabi/lib/thumb/v7e-m+fp/hard\libm.a(libm_a-k_rem_pio2.o)
 .rodata.init_jk
                0x080061f0       0x10 D:/ST/STM32CubeIDE_1.12.1/STM32CubeIDE/plugins/com.st.stm32cube.ide.mcu.externaltools.gnu-tools-for-stm32.12.3.rel1.win32_1.0.100.202403111256/tools/bin/../lib/gcc/arm-none-eabi/12.3.1/../../../../arm-none-eabi/lib/thumb/v7e-m+fp/hard\libm.a(libm_a-k_rem_pio2.o)
                0x08006200                        . = ALIGN (0x4)

.ARM.extab      0x08006200        0x0
                0x08006200                        . = ALIGN (0x4)
 *(.ARM.extab* .gnu.linkonce.armextab.*)
                0x08006200                        . = ALIGN (0x4)

.ARM            0x08006200        0x8
                0x08006200                        . = ALIGN (0x4)
                0x08006200                        __exidx_start = .
 *(.ARM.exidx*)
 .ARM.exidx     0x08006200        0x8 D:/ST/STM32CubeIDE_1.12.1/STM32CubeIDE/plugins/com.st.stm32cube.ide.mcu.externaltools.gnu-tools-for-stm32.12.3.rel1.win32_1.0.100.202403111256/tools/bin/../lib/gcc/arm-none-eabi/12.3.1/thumb/v7e-m+fp/hard\libgcc.a(_udivmoddi4.o)
                0x08006208                        __exidx_end = .
                0x08006208                        . = ALIGN (0x4)

.rel.dyn        0x08006208        0x0
 .rel.iplt      0x08006208        0x0 D:/ST/STM32CubeIDE_1.12.1/STM32CubeIDE/plugins/com.st.stm32cube.ide.mcu.externaltools.gnu-tools-for-stm32.12.3.rel1.win32_1.0.100.202403111256/tools/bin/../lib/gcc/arm-none-eabi/12.3.1/thumb/v7e-m+fp/hard/crtbegin.o

.preinit_array  0x08006208        0x0
                0x08006208                        . = ALIGN (0x4)
                0x08006208                        PROVIDE (__preinit_array_start = .)
 *(.preinit_array*)
                0x08006208                        PROVIDE (__preinit_array_end = .)
                0x08006208                        . = ALIGN (0x4)

.init_array     0x08006208        0x4
                0x08006208                        . = ALIGN (0x4)
                0x08006208                        PROVIDE (__init_array_start = .)
 *(SORT_BY_NAME(.init_array.*))
 *(.init_array*)
 .init_array    0x08006208        0x4 D:/ST/STM32CubeIDE_1.12.1/STM32CubeIDE/plugins/com.st.stm32cube.ide.mcu.externaltools.gnu-tools-for-stm32.12.3.rel1.win32_1.0.100.202403111256/tools/bin/../lib/gcc/arm-none-eabi/12.3.1/thumb/v7e-m+fp/hard/crtbegin.o
                0x0800620c                        PROVIDE (__init_array_end = .)
                0x0800620c                        . = ALIGN (0x4)

.fini_array     0x0800620c        0x4
                0x0800620c                        . = ALIGN (0x4)
                [!provide]                        PROVIDE (__fini_array_start = .)
 *(SORT_BY_NAME(.fini_array.*))
 *(.fini_array*)
 .fini_array    0x0800620c        0x4 D:/ST/STM32CubeIDE_1.12.1/STM32CubeIDE/plugins/com.st.stm32cube.ide.mcu.externaltools.gnu-tools-for-stm32.12.3.rel1.win32_1.0.100.202403111256/tools/bin/../lib/gcc/arm-none-eabi/12.3.1/thumb/v7e-m+fp/hard/crtbegin.o
                [!provide]                        PROVIDE (__fini_array_end = .)
                0x08006210                        . = ALIGN (0x4)
                0x08006210                        _sidata = LOADADDR (.data)

.data           0x20000000       0x24 load address 0x08006210
                0x20000000                        . = ALIGN (0x4)
                0x20000000                        _sdata = .
 *(.data)
 *(.data*)
 .data.DWT_CYCCNT
                0x20000000        0x4 ./Core/Src/main.o
                0x20000000                DWT_CYCCNT
 .data.DWT_CONTROL
                0x20000004        0x4 ./Core/Src/main.o
                0x20000004                DWT_CONTROL
 .data.DWT_LAR  0x20000008        0x4 ./Core/Src/main.o
                0x20000008                DWT_LAR
 .data.SCB_DHCSR
                0x2000000c        0x4 ./Core/Src/main.o
                0x2000000c                SCB_DHCSR
 .data.SCB_DEMCR
                0x20000010        0x4 ./Core/Src/main.o
                0x20000010                SCB_DEMCR
 .data.ITM_TER  0x20000014        0x4 ./Core/Src/main.o
                0x20000014                ITM_TER
 .data.SystemCoreClock
                0x20000018        0x4 ./Core/Src/system_stm32f4xx.o
                0x20000018                SystemCoreClock
 .data.uwTickPrio
                0x2000001c        0x4 ./Drivers/STM32F4xx_HAL_Driver/Src/stm32f4xx_hal.o
                0x2000001c                uwTickPrio
 .data.uwTickFreq
                0x20000020        0x1 ./Drivers/STM32F4xx_HAL_Driver/Src/stm32f4xx_hal.o
                0x20000020                uwTickFreq
 *(.RamFunc)
 *(.RamFunc*)
                0x20000024                        . = ALIGN (0x4)
 *fill*         0x20000021        0x3 
                0x20000024                        _edata = .
                0x08006234                        _siccmram = LOADADDR (.ccmram)

.igot.plt       0x20000024        0x0 load address 0x08006234
 .igot.plt      0x20000024        0x0 D:/ST/STM32CubeIDE_1.12.1/STM32CubeIDE/plugins/com.st.stm32cube.ide.mcu.externaltools.gnu-tools-for-stm32.12.3.rel1.win32_1.0.100.202403111256/tools/bin/../lib/gcc/arm-none-eabi/12.3.1/thumb/v7e-m+fp/hard/crtbegin.o

.ccmram         0x10000000        0x0 load address 0x08006234
                0x10000000                        . = ALIGN (0x4)
                0x10000000                        _sccmram = .
 *(.ccmram)
 *(.ccmram*)
                0x10000000                        . = ALIGN (0x4)
                0x10000000                        _eccmram = .
                0x10000000                        . = ALIGN (0x4)

.bss            0x20000024      0x2fc
                0x20000024                        _sbss = .
                0x20000024                        __bss_start__ = _sbss
 *(.bss)
 .bss           0x20000024       0x1c D:/ST/STM32CubeIDE_1.12.1/STM32CubeIDE/plugins/com.st.stm32cube.ide.mcu.externaltools.gnu-tools-for-stm32.12.3.rel1.win32_1.0.100.202403111256/tools/bin/../lib/gcc/arm-none-eabi/12.3.1/thumb/v7e-m+fp/hard/crtbegin.o
 *(.bss*)
 .bss.buffer_adc
                0x20000040        0x6 ./Core/Src/config/adc_config.o
                0x20000040                buffer_adc
 *fill*         0x20000046        0x2 
 .bss.hadc1     0x20000048       0x48 ./Core/Src/config/adc_config.o
                0x20000048                hadc1
 .bss.hrtc      0x20000090       0x20 ./Core/Src/config/clock_config.o
                0x20000090                hrtc
 .bss.hdac      0x200000b0       0x14 ./Core/Src/config/dac_config.o
                0x200000b0                hdac
 .bss.hdma_adc1
                0x200000c4       0x60 ./Core/Src/config/dma_config.o
                0x200000c4                hdma_adc1
 .bss.htim1     0x20000124       0x48 ./Core/Src/config/timer_config.o
                0x20000124                htim1
 .bss.sin_V_ref
                0x2000016c      0x194 ./Core/Src/controllers/pid_controller.o
                0x2000016c                sin_V_ref
 .bss.Debug_ITMDebug
                0x20000300        0x4 ./Core/Src/main.o
 .bss.cycles    0x20000304        0x4 ./Core/Src/main.o
                0x20000304                cycles
 .bss.time      0x20000308        0x4 ./Core/Src/main.o
                0x20000308                time
 .bss.start_adc
                0x2000030c        0x1 ./Core/Src/main.o
                0x2000030c                start_adc
 *fill*         0x2000030d        0x3 
 .bss.data      0x20000310        0xc ./Core/Src/models/pwm_model.o
                0x20000310                data
 .bss.uwTick    0x2000031c        0x4 ./Drivers/STM32F4xx_HAL_Driver/Src/stm32f4xx_hal.o
                0x2000031c                uwTick
 *(COMMON)
                0x20000320                        . = ALIGN (0x4)
                0x20000320                        _ebss = .
                0x20000320                        __bss_end__ = _ebss

._user_heap_stack
                0x20000320      0x600
                0x20000320                        . = ALIGN (0x8)
                [!provide]                        PROVIDE (end = .)
                0x20000320                        PROVIDE (_end = .)
                0x20000520                        . = (. + _Min_Heap_Size)
 *fill*         0x20000320      0x200 
                0x20000920                        . = (. + _Min_Stack_Size)
 *fill*         0x20000520      0x400 
                0x20000920                        . = ALIGN (0x8)

/DISCARD/
 libc.a(*)
 libm.a(*)
 libgcc.a(*)

.ARM.attributes
                0x00000000       0x30
 *(.ARM.attributes)
 .ARM.attributes
                0x00000000       0x22 D:/ST/STM32CubeIDE_1.12.1/STM32CubeIDE/plugins/com.st.stm32cube.ide.mcu.externaltools.gnu-tools-for-stm32.12.3.rel1.win32_1.0.100.202403111256/tools/bin/../lib/gcc/arm-none-eabi/12.3.1/thumb/v7e-m+fp/hard/crti.o
 .ARM.attributes
                0x00000022       0x34 D:/ST/STM32CubeIDE_1.12.1/STM32CubeIDE/plugins/com.st.stm32cube.ide.mcu.externaltools.gnu-tools-for-stm32.12.3.rel1.win32_1.0.100.202403111256/tools/bin/../lib/gcc/arm-none-eabi/12.3.1/thumb/v7e-m+fp/hard/crtbegin.o
 .ARM.attributes
                0x00000056       0x34 ./Core/Src/config/adc_config.o
 .ARM.attributes
                0x0000008a       0x34 ./Core/Src/config/clock_config.o
 .ARM.attributes
                0x000000be       0x34 ./Core/Src/config/config.o
 .ARM.attributes
                0x000000f2       0x34 ./Core/Src/config/dac_config.o
 .ARM.attributes
                0x00000126       0x34 ./Core/Src/config/dma_config.o
 .ARM.attributes
                0x0000015a       0x34 ./Core/Src/config/gpio_config.o
 .ARM.attributes
                0x0000018e       0x34 ./Core/Src/config/timer_config.o
 .ARM.attributes
                0x000001c2       0x34 ./Core/Src/controllers/pid_controller.o
 .ARM.attributes
                0x000001f6       0x34 ./Core/Src/main.o
 .ARM.attributes
                0x0000022a       0x34 ./Core/Src/stm32f4xx_hal_msp.o
 .ARM.attributes
                0x0000025e       0x34 ./Core/Src/stm32f4xx_it.o
 .ARM.attributes
                0x00000292       0x34 ./Core/Src/system_stm32f4xx.o
 .ARM.attributes
                0x000002c6       0x34 ./Core/Src/models/acquisition_model.o
 .ARM.attributes
                0x000002fa       0x34 ./Core/Src/models/pwm_model.o
 .ARM.attributes
                0x0000032e       0x34 ./Core/Src/unit/error_handler.o
 .ARM.attributes
                0x00000362       0x21 ./Core/Startup/startup_stm32f407vetx.o
 .ARM.attributes
                0x00000383       0x34 ./Drivers/STM32F4xx_HAL_Driver/Src/stm32f4xx_hal.o
 .ARM.attributes
                0x000003b7       0x34 ./Drivers/STM32F4xx_HAL_Driver/Src/stm32f4xx_hal_adc.o
 .ARM.attributes
                0x000003eb       0x34 ./Drivers/STM32F4xx_HAL_Driver/Src/stm32f4xx_hal_cortex.o
 .ARM.attributes
                0x0000041f       0x34 ./Drivers/STM32F4xx_HAL_Driver/Src/stm32f4xx_hal_dac.o
 .ARM.attributes
                0x00000453       0x34 ./Drivers/STM32F4xx_HAL_Driver/Src/stm32f4xx_hal_dma.o
 .ARM.attributes
                0x00000487       0x34 ./Drivers/STM32F4xx_HAL_Driver/Src/stm32f4xx_hal_gpio.o
 .ARM.attributes
                0x000004bb       0x34 ./Drivers/STM32F4xx_HAL_Driver/Src/stm32f4xx_hal_rcc.o
 .ARM.attributes
                0x000004ef       0x34 ./Drivers/STM32F4xx_HAL_Driver/Src/stm32f4xx_hal_rcc_ex.o
 .ARM.attributes
                0x00000523       0x34 ./Drivers/STM32F4xx_HAL_Driver/Src/stm32f4xx_hal_rtc.o
 .ARM.attributes
                0x00000557       0x34 ./Drivers/STM32F4xx_HAL_Driver/Src/stm32f4xx_hal_tim.o
 .ARM.attributes
                0x0000058b       0x34 ./Drivers/STM32F4xx_HAL_Driver/Src/stm32f4xx_hal_tim_ex.o
 .ARM.attributes
                0x000005bf       0x34 D:/ST/STM32CubeIDE_1.12.1/STM32CubeIDE/plugins/com.st.stm32cube.ide.mcu.externaltools.gnu-tools-for-stm32.12.3.rel1.win32_1.0.100.202403111256/tools/bin/../lib/gcc/arm-none-eabi/12.3.1/../../../../arm-none-eabi/lib/thumb/v7e-m+fp/hard\libc_nano.a(libc_a-memset.o)
 .ARM.attributes
                0x000005f3       0x34 D:/ST/STM32CubeIDE_1.12.1/STM32CubeIDE/plugins/com.st.stm32cube.ide.mcu.externaltools.gnu-tools-for-stm32.12.3.rel1.win32_1.0.100.202403111256/tools/bin/../lib/gcc/arm-none-eabi/12.3.1/../../../../arm-none-eabi/lib/thumb/v7e-m+fp/hard\libc_nano.a(libc_a-init.o)
 .ARM.attributes
                0x00000627       0x34 D:/ST/STM32CubeIDE_1.12.1/STM32CubeIDE/plugins/com.st.stm32cube.ide.mcu.externaltools.gnu-tools-for-stm32.12.3.rel1.win32_1.0.100.202403111256/tools/bin/../lib/gcc/arm-none-eabi/12.3.1/../../../../arm-none-eabi/lib/thumb/v7e-m+fp/hard\libm.a(libm_a-s_sin.o)
 .ARM.attributes
                0x0000065b       0x34 D:/ST/STM32CubeIDE_1.12.1/STM32CubeIDE/plugins/com.st.stm32cube.ide.mcu.externaltools.gnu-tools-for-stm32.12.3.rel1.win32_1.0.100.202403111256/tools/bin/../lib/gcc/arm-none-eabi/12.3.1/../../../../arm-none-eabi/lib/thumb/v7e-m+fp/hard\libm.a(libm_a-k_cos.o)
 .ARM.attributes
                0x0000068f       0x34 D:/ST/STM32CubeIDE_1.12.1/STM32CubeIDE/plugins/com.st.stm32cube.ide.mcu.externaltools.gnu-tools-for-stm32.12.3.rel1.win32_1.0.100.202403111256/tools/bin/../lib/gcc/arm-none-eabi/12.3.1/../../../../arm-none-eabi/lib/thumb/v7e-m+fp/hard\libm.a(libm_a-k_sin.o)
 .ARM.attributes
                0x000006c3       0x34 D:/ST/STM32CubeIDE_1.12.1/STM32CubeIDE/plugins/com.st.stm32cube.ide.mcu.externaltools.gnu-tools-for-stm32.12.3.rel1.win32_1.0.100.202403111256/tools/bin/../lib/gcc/arm-none-eabi/12.3.1/../../../../arm-none-eabi/lib/thumb/v7e-m+fp/hard\libm.a(libm_a-e_rem_pio2.o)
 .ARM.attributes
                0x000006f7       0x34 D:/ST/STM32CubeIDE_1.12.1/STM32CubeIDE/plugins/com.st.stm32cube.ide.mcu.externaltools.gnu-tools-for-stm32.12.3.rel1.win32_1.0.100.202403111256/tools/bin/../lib/gcc/arm-none-eabi/12.3.1/../../../../arm-none-eabi/lib/thumb/v7e-m+fp/hard\libm.a(libm_a-s_fabs.o)
 .ARM.attributes
                0x0000072b       0x34 D:/ST/STM32CubeIDE_1.12.1/STM32CubeIDE/plugins/com.st.stm32cube.ide.mcu.externaltools.gnu-tools-for-stm32.12.3.rel1.win32_1.0.100.202403111256/tools/bin/../lib/gcc/arm-none-eabi/12.3.1/../../../../arm-none-eabi/lib/thumb/v7e-m+fp/hard\libm.a(libm_a-k_rem_pio2.o)
 .ARM.attributes
                0x0000075f       0x34 D:/ST/STM32CubeIDE_1.12.1/STM32CubeIDE/plugins/com.st.stm32cube.ide.mcu.externaltools.gnu-tools-for-stm32.12.3.rel1.win32_1.0.100.202403111256/tools/bin/../lib/gcc/arm-none-eabi/12.3.1/../../../../arm-none-eabi/lib/thumb/v7e-m+fp/hard\libm.a(libm_a-s_scalbn.o)
 .ARM.attributes
                0x00000793       0x34 D:/ST/STM32CubeIDE_1.12.1/STM32CubeIDE/plugins/com.st.stm32cube.ide.mcu.externaltools.gnu-tools-for-stm32.12.3.rel1.win32_1.0.100.202403111256/tools/bin/../lib/gcc/arm-none-eabi/12.3.1/../../../../arm-none-eabi/lib/thumb/v7e-m+fp/hard\libm.a(libm_a-s_floor.o)
 .ARM.attributes
                0x000007c7       0x22 D:/ST/STM32CubeIDE_1.12.1/STM32CubeIDE/plugins/com.st.stm32cube.ide.mcu.externaltools.gnu-tools-for-stm32.12.3.rel1.win32_1.0.100.202403111256/tools/bin/../lib/gcc/arm-none-eabi/12.3.1/thumb/v7e-m+fp/hard\libgcc.a(_arm_addsubdf3.o)
 .ARM.attributes
                0x000007e9       0x22 D:/ST/STM32CubeIDE_1.12.1/STM32CubeIDE/plugins/com.st.stm32cube.ide.mcu.externaltools.gnu-tools-for-stm32.12.3.rel1.win32_1.0.100.202403111256/tools/bin/../lib/gcc/arm-none-eabi/12.3.1/thumb/v7e-m+fp/hard\libgcc.a(_arm_muldivdf3.o)
 .ARM.attributes
                0x0000080b       0x22 D:/ST/STM32CubeIDE_1.12.1/STM32CubeIDE/plugins/com.st.stm32cube.ide.mcu.externaltools.gnu-tools-for-stm32.12.3.rel1.win32_1.0.100.202403111256/tools/bin/../lib/gcc/arm-none-eabi/12.3.1/thumb/v7e-m+fp/hard\libgcc.a(_arm_cmpdf2.o)
 .ARM.attributes
                0x0000082d       0x22 D:/ST/STM32CubeIDE_1.12.1/STM32CubeIDE/plugins/com.st.stm32cube.ide.mcu.externaltools.gnu-tools-for-stm32.12.3.rel1.win32_1.0.100.202403111256/tools/bin/../lib/gcc/arm-none-eabi/12.3.1/thumb/v7e-m+fp/hard\libgcc.a(_arm_fixdfsi.o)
 .ARM.attributes
                0x0000084f       0x22 D:/ST/STM32CubeIDE_1.12.1/STM32CubeIDE/plugins/com.st.stm32cube.ide.mcu.externaltools.gnu-tools-for-stm32.12.3.rel1.win32_1.0.100.202403111256/tools/bin/../lib/gcc/arm-none-eabi/12.3.1/thumb/v7e-m+fp/hard\libgcc.a(_arm_truncdfsf2.o)
 .ARM.attributes
                0x00000871       0x22 D:/ST/STM32CubeIDE_1.12.1/STM32CubeIDE/plugins/com.st.stm32cube.ide.mcu.externaltools.gnu-tools-for-stm32.12.3.rel1.win32_1.0.100.202403111256/tools/bin/../lib/gcc/arm-none-eabi/12.3.1/thumb/v7e-m+fp/hard\libgcc.a(_aeabi_uldivmod.o)
 .ARM.attributes
                0x00000893       0x34 D:/ST/STM32CubeIDE_1.12.1/STM32CubeIDE/plugins/com.st.stm32cube.ide.mcu.externaltools.gnu-tools-for-stm32.12.3.rel1.win32_1.0.100.202403111256/tools/bin/../lib/gcc/arm-none-eabi/12.3.1/thumb/v7e-m+fp/hard\libgcc.a(_udivmoddi4.o)
 .ARM.attributes
                0x000008c7       0x22 D:/ST/STM32CubeIDE_1.12.1/STM32CubeIDE/plugins/com.st.stm32cube.ide.mcu.externaltools.gnu-tools-for-stm32.12.3.rel1.win32_1.0.100.202403111256/tools/bin/../lib/gcc/arm-none-eabi/12.3.1/thumb/v7e-m+fp/hard\libgcc.a(_dvmd_tls.o)
 .ARM.attributes
                0x000008e9       0x22 D:/ST/STM32CubeIDE_1.12.1/STM32CubeIDE/plugins/com.st.stm32cube.ide.mcu.externaltools.gnu-tools-for-stm32.12.3.rel1.win32_1.0.100.202403111256/tools/bin/../lib/gcc/arm-none-eabi/12.3.1/thumb/v7e-m+fp/hard/crtn.o
OUTPUT(inverter.elf elf32-littlearm)
LOAD linker stubs
LOAD D:/ST/STM32CubeIDE_1.12.1/STM32CubeIDE/plugins/com.st.stm32cube.ide.mcu.externaltools.gnu-tools-for-stm32.12.3.rel1.win32_1.0.100.202403111256/tools/bin/../lib/gcc/arm-none-eabi/12.3.1/../../../../arm-none-eabi/lib/thumb/v7e-m+fp/hard\libc.a
LOAD D:/ST/STM32CubeIDE_1.12.1/STM32CubeIDE/plugins/com.st.stm32cube.ide.mcu.externaltools.gnu-tools-for-stm32.12.3.rel1.win32_1.0.100.202403111256/tools/bin/../lib/gcc/arm-none-eabi/12.3.1/../../../../arm-none-eabi/lib/thumb/v7e-m+fp/hard\libm.a
LOAD D:/ST/STM32CubeIDE_1.12.1/STM32CubeIDE/plugins/com.st.stm32cube.ide.mcu.externaltools.gnu-tools-for-stm32.12.3.rel1.win32_1.0.100.202403111256/tools/bin/../lib/gcc/arm-none-eabi/12.3.1/thumb/v7e-m+fp/hard\libgcc.a

.debug_info     0x00000000     0xf2fc
 .debug_info    0x00000000      0x6c8 ./Core/Src/config/adc_config.o
 .debug_info    0x000006c8      0x7e2 ./Core/Src/config/clock_config.o
 .debug_info    0x00000eaa      0x138 ./Core/Src/config/config.o
 .debug_info    0x00000fe2      0x613 ./Core/Src/config/dac_config.o
 .debug_info    0x000015f5      0x707 ./Core/Src/config/dma_config.o
 .debug_info    0x00001cfc      0x425 ./Core/Src/config/gpio_config.o
 .debug_info    0x00002121      0x9be ./Core/Src/config/timer_config.o
 .debug_info    0x00002adf      0x2d9 ./Core/Src/controllers/pid_controller.o
 .debug_info    0x00002db8      0x7d3 ./Core/Src/main.o
 .debug_info    0x0000358b     0x163c ./Core/Src/stm32f4xx_hal_msp.o
 .debug_info    0x00004bc7      0x835 ./Core/Src/stm32f4xx_it.o
 .debug_info    0x000053fc      0x512 ./Core/Src/system_stm32f4xx.o
 .debug_info    0x0000590e      0x209 ./Core/Src/models/acquisition_model.o
 .debug_info    0x00005b17      0x16f ./Core/Src/models/pwm_model.o
 .debug_info    0x00005c86       0xa9 ./Core/Src/unit/error_handler.o
 .debug_info    0x00005d2f       0x30 ./Core/Startup/startup_stm32f407vetx.o
 .debug_info    0x00005d5f      0x944 ./Drivers/STM32F4xx_HAL_Driver/Src/stm32f4xx_hal.o
 .debug_info    0x000066a3      0xcd4 ./Drivers/STM32F4xx_HAL_Driver/Src/stm32f4xx_hal_adc.o
 .debug_info    0x00007377      0xd57 ./Drivers/STM32F4xx_HAL_Driver/Src/stm32f4xx_hal_cortex.o
 .debug_info    0x000080ce      0xa01 ./Drivers/STM32F4xx_HAL_Driver/Src/stm32f4xx_hal_dac.o
 .debug_info    0x00008acf      0x8e7 ./Drivers/STM32F4xx_HAL_Driver/Src/stm32f4xx_hal_dma.o
 .debug_info    0x000093b6      0x6c3 ./Drivers/STM32F4xx_HAL_Driver/Src/stm32f4xx_hal_gpio.o
 .debug_info    0x00009a79      0x8b1 ./Drivers/STM32F4xx_HAL_Driver/Src/stm32f4xx_hal_rcc.o
 .debug_info    0x0000a32a      0x53a ./Drivers/STM32F4xx_HAL_Driver/Src/stm32f4xx_hal_rcc_ex.o
 .debug_info    0x0000a864      0xc20 ./Drivers/STM32F4xx_HAL_Driver/Src/stm32f4xx_hal_rtc.o
 .debug_info    0x0000b484     0x299d ./Drivers/STM32F4xx_HAL_Driver/Src/stm32f4xx_hal_tim.o
 .debug_info    0x0000de21     0x14db ./Drivers/STM32F4xx_HAL_Driver/Src/stm32f4xx_hal_tim_ex.o

.debug_abbrev   0x00000000     0x2f55
 .debug_abbrev  0x00000000      0x1c3 ./Core/Src/config/adc_config.o
 .debug_abbrev  0x000001c3      0x193 ./Core/Src/config/clock_config.o
 .debug_abbrev  0x00000356       0xe1 ./Core/Src/config/config.o
 .debug_abbrev  0x00000437      0x1e0 ./Core/Src/config/dac_config.o
 .debug_abbrev  0x00000617      0x182 ./Core/Src/config/dma_config.o
 .debug_abbrev  0x00000799      0x152 ./Core/Src/config/gpio_config.o
 .debug_abbrev  0x000008eb      0x1e7 ./Core/Src/config/timer_config.o
 .debug_abbrev  0x00000ad2      0x17e ./Core/Src/controllers/pid_controller.o
 .debug_abbrev  0x00000c50      0x239 ./Core/Src/main.o
 .debug_abbrev  0x00000e89      0x26f ./Core/Src/stm32f4xx_hal_msp.o
 .debug_abbrev  0x000010f8      0x1a9 ./Core/Src/stm32f4xx_it.o
 .debug_abbrev  0x000012a1      0x11a ./Core/Src/system_stm32f4xx.o
 .debug_abbrev  0x000013bb       0xfe ./Core/Src/models/acquisition_model.o
 .debug_abbrev  0x000014b9      0x101 ./Core/Src/models/pwm_model.o
 .debug_abbrev  0x000015ba       0x69 ./Core/Src/unit/error_handler.o
 .debug_abbrev  0x00001623       0x24 ./Core/Startup/startup_stm32f407vetx.o
 .debug_abbrev  0x00001647      0x214 ./Drivers/STM32F4xx_HAL_Driver/Src/stm32f4xx_hal.o
 .debug_abbrev  0x0000185b      0x252 ./Drivers/STM32F4xx_HAL_Driver/Src/stm32f4xx_hal_adc.o
 .debug_abbrev  0x00001aad      0x328 ./Drivers/STM32F4xx_HAL_Driver/Src/stm32f4xx_hal_cortex.o
 .debug_abbrev  0x00001dd5      0x1fa ./Drivers/STM32F4xx_HAL_Driver/Src/stm32f4xx_hal_dac.o
 .debug_abbrev  0x00001fcf      0x264 ./Drivers/STM32F4xx_HAL_Driver/Src/stm32f4xx_hal_dma.o
 .debug_abbrev  0x00002233      0x1d4 ./Drivers/STM32F4xx_HAL_Driver/Src/stm32f4xx_hal_gpio.o
 .debug_abbrev  0x00002407      0x2b6 ./Drivers/STM32F4xx_HAL_Driver/Src/stm32f4xx_hal_rcc.o
 .debug_abbrev  0x000026bd      0x1af ./Drivers/STM32F4xx_HAL_Driver/Src/stm32f4xx_hal_rcc_ex.o
 .debug_abbrev  0x0000286c      0x1ee ./Drivers/STM32F4xx_HAL_Driver/Src/stm32f4xx_hal_rtc.o
 .debug_abbrev  0x00002a5a      0x278 ./Drivers/STM32F4xx_HAL_Driver/Src/stm32f4xx_hal_tim.o
 .debug_abbrev  0x00002cd2      0x283 ./Drivers/STM32F4xx_HAL_Driver/Src/stm32f4xx_hal_tim_ex.o

.debug_aranges  0x00000000      0xf10
 .debug_aranges
                0x00000000       0x30 ./Core/Src/config/adc_config.o
 .debug_aranges
                0x00000030       0x28 ./Core/Src/config/clock_config.o
 .debug_aranges
                0x00000058       0x28 ./Core/Src/config/config.o
 .debug_aranges
                0x00000080       0x40 ./Core/Src/config/dac_config.o
 .debug_aranges
                0x000000c0       0x20 ./Core/Src/config/dma_config.o
 .debug_aranges
                0x000000e0       0x20 ./Core/Src/config/gpio_config.o
 .debug_aranges
                0x00000100       0x30 ./Core/Src/config/timer_config.o
 .debug_aranges
                0x00000130       0x50 ./Core/Src/controllers/pid_controller.o
 .debug_aranges
                0x00000180       0x38 ./Core/Src/main.o
 .debug_aranges
                0x000001b8       0x68 ./Core/Src/stm32f4xx_hal_msp.o
 .debug_aranges
                0x00000220       0x78 ./Core/Src/stm32f4xx_it.o
 .debug_aranges
                0x00000298       0x28 ./Core/Src/system_stm32f4xx.o
 .debug_aranges
                0x000002c0       0x40 ./Core/Src/models/acquisition_model.o
 .debug_aranges
                0x00000300       0x38 ./Core/Src/models/pwm_model.o
 .debug_aranges
                0x00000338       0x20 ./Core/Src/unit/error_handler.o
 .debug_aranges
                0x00000358       0x28 ./Core/Startup/startup_stm32f407vetx.o
 .debug_aranges
                0x00000380       0xf0 ./Drivers/STM32F4xx_HAL_Driver/Src/stm32f4xx_hal.o
 .debug_aranges
                0x00000470       0xe8 ./Drivers/STM32F4xx_HAL_Driver/Src/stm32f4xx_hal_adc.o
 .debug_aranges
                0x00000558      0x120 ./Drivers/STM32F4xx_HAL_Driver/Src/stm32f4xx_hal_cortex.o
 .debug_aranges
                0x00000678       0xc0 ./Drivers/STM32F4xx_HAL_Driver/Src/stm32f4xx_hal_dac.o
 .debug_aranges
                0x00000738       0x90 ./Drivers/STM32F4xx_HAL_Driver/Src/stm32f4xx_hal_dma.o
 .debug_aranges
                0x000007c8       0x58 ./Drivers/STM32F4xx_HAL_Driver/Src/stm32f4xx_hal_gpio.o
 .debug_aranges
                0x00000820       0x88 ./Drivers/STM32F4xx_HAL_Driver/Src/stm32f4xx_hal_rcc.o
 .debug_aranges
                0x000008a8       0x48 ./Drivers/STM32F4xx_HAL_Driver/Src/stm32f4xx_hal_rcc_ex.o
 .debug_aranges
                0x000008f0       0xe8 ./Drivers/STM32F4xx_HAL_Driver/Src/stm32f4xx_hal_rtc.o
 .debug_aranges
                0x000009d8      0x3d0 ./Drivers/STM32F4xx_HAL_Driver/Src/stm32f4xx_hal_tim.o
 .debug_aranges
                0x00000da8      0x168 ./Drivers/STM32F4xx_HAL_Driver/Src/stm32f4xx_hal_tim_ex.o

.debug_rnglists
                0x00000000      0xb64
 .debug_rnglists
                0x00000000       0x20 ./Core/Src/config/adc_config.o
 .debug_rnglists
                0x00000020       0x1a ./Core/Src/config/clock_config.o
 .debug_rnglists
                0x0000003a       0x19 ./Core/Src/config/config.o
 .debug_rnglists
                0x00000053       0x2b ./Core/Src/config/dac_config.o
 .debug_rnglists
                0x0000007e       0x13 ./Core/Src/config/dma_config.o
 .debug_rnglists
                0x00000091       0x14 ./Core/Src/config/gpio_config.o
 .debug_rnglists
                0x000000a5       0x20 ./Core/Src/config/timer_config.o
 .debug_rnglists
                0x000000c5       0x3b ./Core/Src/controllers/pid_controller.o
 .debug_rnglists
                0x00000100       0x27 ./Core/Src/main.o
 .debug_rnglists
                0x00000127       0x4c ./Core/Src/stm32f4xx_hal_msp.o
 .debug_rnglists
                0x00000173       0x55 ./Core/Src/stm32f4xx_it.o
 .debug_rnglists
                0x000001c8       0x1a ./Core/Src/system_stm32f4xx.o
 .debug_rnglists
                0x000001e2       0x2c ./Core/Src/models/acquisition_model.o
 .debug_rnglists
                0x0000020e       0x25 ./Core/Src/models/pwm_model.o
 .debug_rnglists
                0x00000233       0x13 ./Core/Src/unit/error_handler.o
 .debug_rnglists
                0x00000246       0x19 ./Core/Startup/startup_stm32f407vetx.o
 .debug_rnglists
                0x0000025f       0xaf ./Drivers/STM32F4xx_HAL_Driver/Src/stm32f4xx_hal.o
 .debug_rnglists
                0x0000030e       0xb5 ./Drivers/STM32F4xx_HAL_Driver/Src/stm32f4xx_hal_adc.o
 .debug_rnglists
                0x000003c3       0xd4 ./Drivers/STM32F4xx_HAL_Driver/Src/stm32f4xx_hal_cortex.o
 .debug_rnglists
                0x00000497       0x90 ./Drivers/STM32F4xx_HAL_Driver/Src/stm32f4xx_hal_dac.o
 .debug_rnglists
                0x00000527       0x70 ./Drivers/STM32F4xx_HAL_Driver/Src/stm32f4xx_hal_dma.o
 .debug_rnglists
                0x00000597       0x3f ./Drivers/STM32F4xx_HAL_Driver/Src/stm32f4xx_hal_gpio.o
 .debug_rnglists
                0x000005d6       0x66 ./Drivers/STM32F4xx_HAL_Driver/Src/stm32f4xx_hal_rcc.o
 .debug_rnglists
                0x0000063c       0x35 ./Drivers/STM32F4xx_HAL_Driver/Src/stm32f4xx_hal_rcc_ex.o
 .debug_rnglists
                0x00000671       0xb4 ./Drivers/STM32F4xx_HAL_Driver/Src/stm32f4xx_hal_rtc.o
 .debug_rnglists
                0x00000725      0x31a ./Drivers/STM32F4xx_HAL_Driver/Src/stm32f4xx_hal_tim.o
 .debug_rnglists
                0x00000a3f      0x125 ./Drivers/STM32F4xx_HAL_Driver/Src/stm32f4xx_hal_tim_ex.o

.debug_macro    0x00000000    0x24981
 .debug_macro   0x00000000      0x233 ./Core/Src/config/adc_config.o
 .debug_macro   0x00000233      0xab4 ./Core/Src/config/adc_config.o
 .debug_macro   0x00000ce7      0x2a7 ./Core/Src/config/adc_config.o
 .debug_macro   0x00000f8e       0x2e ./Core/Src/config/adc_config.o
 .debug_macro   0x00000fbc       0x2f ./Core/Src/config/adc_config.o
 .debug_macro   0x00000feb       0x22 ./Core/Src/config/adc_config.o
 .debug_macro   0x0000100d       0x8e ./Core/Src/config/adc_config.o
 .debug_macro   0x0000109b       0x51 ./Core/Src/config/adc_config.o
 .debug_macro   0x000010ec      0x103 ./Core/Src/config/adc_config.o
 .debug_macro   0x000011ef       0x6a ./Core/Src/config/adc_config.o
 .debug_macro   0x00001259      0x1df ./Core/Src/config/adc_config.o
 .debug_macro   0x00001438       0x1c ./Core/Src/config/adc_config.o
 .debug_macro   0x00001454       0x22 ./Core/Src/config/adc_config.o
 .debug_macro   0x00001476       0xfb ./Core/Src/config/adc_config.o
 .debug_macro   0x00001571     0x1011 ./Core/Src/config/adc_config.o
 .debug_macro   0x00002582      0x11f ./Core/Src/config/adc_config.o
 .debug_macro   0x000026a1    0x15e97 ./Core/Src/config/adc_config.o
 .debug_macro   0x00018538       0x6d ./Core/Src/config/adc_config.o
 .debug_macro   0x000185a5     0x368c ./Core/Src/config/adc_config.o
 .debug_macro   0x0001bc31      0x189 ./Core/Src/config/adc_config.o
 .debug_macro   0x0001bdba       0x5c ./Core/Src/config/adc_config.o
 .debug_macro   0x0001be16      0x980 ./Core/Src/config/adc_config.o
 .debug_macro   0x0001c796      0x9e9 ./Core/Src/config/adc_config.o
 .debug_macro   0x0001d17f      0x115 ./Core/Src/config/adc_config.o
 .debug_macro   0x0001d294      0x13e ./Core/Src/config/adc_config.o
 .debug_macro   0x0001d3d2       0xa5 ./Core/Src/config/adc_config.o
 .debug_macro   0x0001d477      0x174 ./Core/Src/config/adc_config.o
 .debug_macro   0x0001d5eb      0x287 ./Core/Src/config/adc_config.o
 .debug_macro   0x0001d872       0x5f ./Core/Src/config/adc_config.o
 .debug_macro   0x0001d8d1      0x236 ./Core/Src/config/adc_config.o
 .debug_macro   0x0001db07      0xb5b ./Core/Src/config/adc_config.o
 .debug_macro   0x0001e662      0x38b ./Core/Src/config/adc_config.o
 .debug_macro   0x0001e9ed      0x176 ./Core/Src/config/adc_config.o
 .debug_macro   0x0001eb63       0xf9 ./Core/Src/config/adc_config.o
 .debug_macro   0x0001ec5c      0x122 ./Core/Src/config/adc_config.o
 .debug_macro   0x0001ed7e       0xa6 ./Core/Src/config/adc_config.o
 .debug_macro   0x0001ee24      0x12c ./Core/Src/config/adc_config.o
 .debug_macro   0x0001ef50      0x21e ./Core/Src/config/adc_config.o
 .debug_macro   0x0001f16e       0x2e ./Core/Src/config/adc_config.o
 .debug_macro   0x0001f19c      0x127 ./Core/Src/config/adc_config.o
 .debug_macro   0x0001f2c3       0x7e ./Core/Src/config/adc_config.o
 .debug_macro   0x0001f341       0x89 ./Core/Src/config/adc_config.o
 .debug_macro   0x0001f3ca      0x30c ./Core/Src/config/adc_config.o
 .debug_macro   0x0001f6d6      0x44b ./Core/Src/config/adc_config.o
 .debug_macro   0x0001fb21       0xeb ./Core/Src/config/adc_config.o
 .debug_macro   0x0001fc0c      0x8ed ./Core/Src/config/adc_config.o
 .debug_macro   0x000204f9       0x4d ./Core/Src/config/adc_config.o
 .debug_macro   0x00020546      0x12d ./Core/Src/config/adc_config.o
 .debug_macro   0x00020673      0x22d ./Core/Src/config/clock_config.o
 .debug_macro   0x000208a0      0x263 ./Core/Src/config/config.o
 .debug_macro   0x00020b03       0x10 ./Core/Src/config/config.o
 .debug_macro   0x00020b13       0x10 ./Core/Src/config/config.o
 .debug_macro   0x00020b23      0x22d ./Core/Src/config/dac_config.o
 .debug_macro   0x00020d50      0x223 ./Core/Src/config/dma_config.o
 .debug_macro   0x00020f73      0x223 ./Core/Src/config/gpio_config.o
 .debug_macro   0x00021196      0x232 ./Core/Src/config/timer_config.o
 .debug_macro   0x000213c8      0x308 ./Core/Src/controllers/pid_controller.o
 .debug_macro   0x000216d0       0x61 ./Core/Src/controllers/pid_controller.o
 .debug_macro   0x00021731       0x2a ./Core/Src/controllers/pid_controller.o
 .debug_macro   0x0002175b       0x43 ./Core/Src/controllers/pid_controller.o
 .debug_macro   0x0002179e       0x34 ./Core/Src/controllers/pid_controller.o
 .debug_macro   0x000217d2       0x16 ./Core/Src/controllers/pid_controller.o
 .debug_macro   0x000217e8       0x43 ./Core/Src/controllers/pid_controller.o
 .debug_macro   0x0002182b       0x34 ./Core/Src/controllers/pid_controller.o
 .debug_macro   0x0002185f       0x10 ./Core/Src/controllers/pid_controller.o
 .debug_macro   0x0002186f       0x58 ./Core/Src/controllers/pid_controller.o
 .debug_macro   0x000218c7       0x8e ./Core/Src/controllers/pid_controller.o
 .debug_macro   0x00021955       0x1c ./Core/Src/controllers/pid_controller.o
 .debug_macro   0x00021971      0x177 ./Core/Src/controllers/pid_controller.o
 .debug_macro   0x00021ae8      0x369 ./Core/Src/controllers/pid_controller.o
 .debug_macro   0x00021e51      0x19b ./Core/Src/controllers/pid_controller.o
 .debug_macro   0x00021fec       0x2e ./Core/Src/controllers/pid_controller.o
 .debug_macro   0x0002201a       0x28 ./Core/Src/controllers/pid_controller.o
 .debug_macro   0x00022042       0x22 ./Core/Src/controllers/pid_controller.o
 .debug_macro   0x00022064      0x32f ./Core/Src/main.o
 .debug_macro   0x00022393       0x16 ./Core/Src/main.o
 .debug_macro   0x000223a9      0x236 ./Core/Src/stm32f4xx_hal_msp.o
 .debug_macro   0x000225df      0x284 ./Core/Src/stm32f4xx_it.o
 .debug_macro   0x00022863      0x219 ./Core/Src/system_stm32f4xx.o
 .debug_macro   0x00022a7c      0x233 ./Core/Src/models/acquisition_model.o
 .debug_macro   0x00022caf      0x308 ./Core/Src/models/pwm_model.o
 .debug_macro   0x00022fb7      0x223 ./Core/Src/unit/error_handler.o
 .debug_macro   0x000231da      0x279 ./Drivers/STM32F4xx_HAL_Driver/Src/stm32f4xx_hal.o
 .debug_macro   0x00023453      0x21a ./Drivers/STM32F4xx_HAL_Driver/Src/stm32f4xx_hal_adc.o
 .debug_macro   0x0002366d      0x219 ./Drivers/STM32F4xx_HAL_Driver/Src/stm32f4xx_hal_cortex.o
 .debug_macro   0x00023886      0x21a ./Drivers/STM32F4xx_HAL_Driver/Src/stm32f4xx_hal_dac.o
 .debug_macro   0x00023aa0      0x21f ./Drivers/STM32F4xx_HAL_Driver/Src/stm32f4xx_hal_dma.o
 .debug_macro   0x00023cbf      0x21f ./Drivers/STM32F4xx_HAL_Driver/Src/stm32f4xx_hal_gpio.o
 .debug_macro   0x00023ede      0x23d ./Drivers/STM32F4xx_HAL_Driver/Src/stm32f4xx_hal_rcc.o
 .debug_macro   0x0002411b      0x219 ./Drivers/STM32F4xx_HAL_Driver/Src/stm32f4xx_hal_rcc_ex.o
 .debug_macro   0x00024334      0x21a ./Drivers/STM32F4xx_HAL_Driver/Src/stm32f4xx_hal_rtc.o
 .debug_macro   0x0002454e      0x21a ./Drivers/STM32F4xx_HAL_Driver/Src/stm32f4xx_hal_tim.o
 .debug_macro   0x00024768      0x219 ./Drivers/STM32F4xx_HAL_Driver/Src/stm32f4xx_hal_tim_ex.o

.debug_line     0x00000000    0x15a6d
 .debug_line    0x00000000      0x8a7 ./Core/Src/config/adc_config.o
 .debug_line    0x000008a7      0x88a ./Core/Src/config/clock_config.o
 .debug_line    0x00001131      0x86f ./Core/Src/config/config.o
 .debug_line    0x000019a0      0x89f ./Core/Src/config/dac_config.o
 .debug_line    0x0000223f      0x7f9 ./Core/Src/config/dma_config.o
 .debug_line    0x00002a38      0x80e ./Core/Src/config/gpio_config.o
 .debug_line    0x00003246      0x905 ./Core/Src/config/timer_config.o
 .debug_line    0x00003b4b      0xb28 ./Core/Src/controllers/pid_controller.o
 .debug_line    0x00004673      0xa97 ./Core/Src/main.o
 .debug_line    0x0000510a      0x991 ./Core/Src/stm32f4xx_hal_msp.o
 .debug_line    0x00005a9b      0x9a4 ./Core/Src/stm32f4xx_it.o
 .debug_line    0x0000643f      0x864 ./Core/Src/system_stm32f4xx.o
 .debug_line    0x00006ca3      0x8ac ./Core/Src/models/acquisition_model.o
 .debug_line    0x0000754f      0xa03 ./Core/Src/models/pwm_model.o
 .debug_line    0x00007f52      0x80b ./Core/Src/unit/error_handler.o
 .debug_line    0x0000875d       0x7a ./Core/Startup/startup_stm32f407vetx.o
 .debug_line    0x000087d7      0xacd ./Drivers/STM32F4xx_HAL_Driver/Src/stm32f4xx_hal.o
 .debug_line    0x000092a4     0x1355 ./Drivers/STM32F4xx_HAL_Driver/Src/stm32f4xx_hal_adc.o
 .debug_line    0x0000a5f9      0xd95 ./Drivers/STM32F4xx_HAL_Driver/Src/stm32f4xx_hal_cortex.o
 .debug_line    0x0000b38e      0xc41 ./Drivers/STM32F4xx_HAL_Driver/Src/stm32f4xx_hal_dac.o
 .debug_line    0x0000bfcf     0x103d ./Drivers/STM32F4xx_HAL_Driver/Src/stm32f4xx_hal_dma.o
 .debug_line    0x0000d00c      0xc59 ./Drivers/STM32F4xx_HAL_Driver/Src/stm32f4xx_hal_gpio.o
 .debug_line    0x0000dc65      0xe40 ./Drivers/STM32F4xx_HAL_Driver/Src/stm32f4xx_hal_rcc.o
 .debug_line    0x0000eaa5      0xae3 ./Drivers/STM32F4xx_HAL_Driver/Src/stm32f4xx_hal_rcc_ex.o
 .debug_line    0x0000f588     0x11b1 ./Drivers/STM32F4xx_HAL_Driver/Src/stm32f4xx_hal_rtc.o
 .debug_line    0x00010739     0x3871 ./Drivers/STM32F4xx_HAL_Driver/Src/stm32f4xx_hal_tim.o
 .debug_line    0x00013faa     0x1ac3 ./Drivers/STM32F4xx_HAL_Driver/Src/stm32f4xx_hal_tim_ex.o

.debug_str      0x00000000    0xdd09f
 .debug_str     0x00000000    0xd539a ./Core/Src/config/adc_config.o
                              0xd569d (size before relaxing)
 .debug_str     0x000d539a      0x47e ./Core/Src/config/clock_config.o
                              0xd56a4 (size before relaxing)
 .debug_str     0x000d5818       0xfd ./Core/Src/config/config.o
                              0xd5323 (size before relaxing)
 .debug_str     0x000d5915      0x1d1 ./Core/Src/config/dac_config.o
                              0xd564d (size before relaxing)
 .debug_str     0x000d5ae6      0x52d ./Core/Src/config/dma_config.o
                              0xd5a26 (size before relaxing)
 .debug_str     0x000d6013       0xd3 ./Core/Src/config/gpio_config.o
                              0xd537e (size before relaxing)
 .debug_str     0x000d60e6      0x54b ./Core/Src/config/timer_config.o
                              0xd5a43 (size before relaxing)
 .debug_str     0x000d6631     0x3b21 ./Core/Src/controllers/pid_controller.o
                              0xd8d3a (size before relaxing)
 .debug_str     0x000da152      0x100 ./Core/Src/main.o
                              0xd9102 (size before relaxing)
 .debug_str     0x000da252      0x1a1 ./Core/Src/stm32f4xx_hal_msp.o
                              0xd6429 (size before relaxing)
 .debug_str     0x000da3f3      0x133 ./Core/Src/stm32f4xx_it.o
                              0xd59be (size before relaxing)
 .debug_str     0x000da526       0xdb ./Core/Src/system_stm32f4xx.o
                              0xd5353 (size before relaxing)
 .debug_str     0x000da601      0x126 ./Core/Src/models/acquisition_model.o
                              0xd52df (size before relaxing)
 .debug_str     0x000da727       0x56 ./Core/Src/models/pwm_model.o
                              0xd8c9a (size before relaxing)
 .debug_str     0x000da77d       0x2f ./Core/Src/unit/error_handler.o
                              0xd51af (size before relaxing)
 .debug_str     0x000da7ac       0x44 ./Core/Startup/startup_stm32f407vetx.o
                                 0x5f (size before relaxing)
 .debug_str     0x000da7f0      0x617 ./Drivers/STM32F4xx_HAL_Driver/Src/stm32f4xx_hal.o
                              0xd5ed7 (size before relaxing)
 .debug_str     0x000dae07      0x2a8 ./Drivers/STM32F4xx_HAL_Driver/Src/stm32f4xx_hal_adc.o
                              0xd5940 (size before relaxing)
 .debug_str     0x000db0af      0x333 ./Drivers/STM32F4xx_HAL_Driver/Src/stm32f4xx_hal_cortex.o
                              0xd5c21 (size before relaxing)
 .debug_str     0x000db3e2      0x1ed ./Drivers/STM32F4xx_HAL_Driver/Src/stm32f4xx_hal_dac.o
                              0xd57d5 (size before relaxing)
 .debug_str     0x000db5cf      0x2d5 ./Drivers/STM32F4xx_HAL_Driver/Src/stm32f4xx_hal_dma.o
                              0xd576d (size before relaxing)
 .debug_str     0x000db8a4      0x10e ./Drivers/STM32F4xx_HAL_Driver/Src/stm32f4xx_hal_gpio.o
                              0xd54ce (size before relaxing)
 .debug_str     0x000db9b2      0x21b ./Drivers/STM32F4xx_HAL_Driver/Src/stm32f4xx_hal_rcc.o
                              0xd5787 (size before relaxing)
 .debug_str     0x000dbbcd       0xf1 ./Drivers/STM32F4xx_HAL_Driver/Src/stm32f4xx_hal_rcc_ex.o
                              0xd54a5 (size before relaxing)
 .debug_str     0x000dbcbe      0x337 ./Drivers/STM32F4xx_HAL_Driver/Src/stm32f4xx_hal_rtc.o
                              0xd57c2 (size before relaxing)
 .debug_str     0x000dbff5      0xcde ./Drivers/STM32F4xx_HAL_Driver/Src/stm32f4xx_hal_tim.o
                              0xd66dd (size before relaxing)
 .debug_str     0x000dccd3      0x3cc ./Drivers/STM32F4xx_HAL_Driver/Src/stm32f4xx_hal_tim_ex.o
                              0xd5ee9 (size before relaxing)

.comment        0x00000000       0x43
 .comment       0x00000000       0x43 ./Core/Src/config/adc_config.o
                                 0x44 (size before relaxing)
 .comment       0x00000043       0x44 ./Core/Src/config/clock_config.o
 .comment       0x00000043       0x44 ./Core/Src/config/config.o
 .comment       0x00000043       0x44 ./Core/Src/config/dac_config.o
 .comment       0x00000043       0x44 ./Core/Src/config/dma_config.o
 .comment       0x00000043       0x44 ./Core/Src/config/gpio_config.o
 .comment       0x00000043       0x44 ./Core/Src/config/timer_config.o
 .comment       0x00000043       0x44 ./Core/Src/controllers/pid_controller.o
 .comment       0x00000043       0x44 ./Core/Src/main.o
 .comment       0x00000043       0x44 ./Core/Src/stm32f4xx_hal_msp.o
 .comment       0x00000043       0x44 ./Core/Src/stm32f4xx_it.o
 .comment       0x00000043       0x44 ./Core/Src/system_stm32f4xx.o
 .comment       0x00000043       0x44 ./Core/Src/models/acquisition_model.o
 .comment       0x00000043       0x44 ./Core/Src/models/pwm_model.o
 .comment       0x00000043       0x44 ./Core/Src/unit/error_handler.o
 .comment       0x00000043       0x44 ./Drivers/STM32F4xx_HAL_Driver/Src/stm32f4xx_hal.o
 .comment       0x00000043       0x44 ./Drivers/STM32F4xx_HAL_Driver/Src/stm32f4xx_hal_adc.o
 .comment       0x00000043       0x44 ./Drivers/STM32F4xx_HAL_Driver/Src/stm32f4xx_hal_cortex.o
 .comment       0x00000043       0x44 ./Drivers/STM32F4xx_HAL_Driver/Src/stm32f4xx_hal_dac.o
 .comment       0x00000043       0x44 ./Drivers/STM32F4xx_HAL_Driver/Src/stm32f4xx_hal_dma.o
 .comment       0x00000043       0x44 ./Drivers/STM32F4xx_HAL_Driver/Src/stm32f4xx_hal_gpio.o
 .comment       0x00000043       0x44 ./Drivers/STM32F4xx_HAL_Driver/Src/stm32f4xx_hal_rcc.o
 .comment       0x00000043       0x44 ./Drivers/STM32F4xx_HAL_Driver/Src/stm32f4xx_hal_rcc_ex.o
 .comment       0x00000043       0x44 ./Drivers/STM32F4xx_HAL_Driver/Src/stm32f4xx_hal_rtc.o
 .comment       0x00000043       0x44 ./Drivers/STM32F4xx_HAL_Driver/Src/stm32f4xx_hal_tim.o
 .comment       0x00000043       0x44 ./Drivers/STM32F4xx_HAL_Driver/Src/stm32f4xx_hal_tim_ex.o

.debug_frame    0x00000000     0x3f38
 .debug_frame   0x00000000       0x6c ./Core/Src/config/adc_config.o
 .debug_frame   0x0000006c       0x50 ./Core/Src/config/clock_config.o
 .debug_frame   0x000000bc       0x48 ./Core/Src/config/config.o
 .debug_frame   0x00000104       0xb4 ./Core/Src/config/dac_config.o
 .debug_frame   0x000001b8       0x34 ./Core/Src/config/dma_config.o
 .debug_frame   0x000001ec       0x34 ./Core/Src/config/gpio_config.o
 .debug_frame   0x00000220       0x6c ./Core/Src/config/timer_config.o
 .debug_frame   0x0000028c      0x10c ./Core/Src/controllers/pid_controller.o
 .debug_frame   0x00000398       0xa4 ./Core/Src/main.o
 .debug_frame   0x0000043c      0x180 ./Core/Src/stm32f4xx_hal_msp.o
 .debug_frame   0x000005bc      0x158 ./Core/Src/stm32f4xx_it.o
 .debug_frame   0x00000714       0x58 ./Core/Src/system_stm32f4xx.o
 .debug_frame   0x0000076c       0xc8 ./Core/Src/models/acquisition_model.o
 .debug_frame   0x00000834       0x98 ./Core/Src/models/pwm_model.o
 .debug_frame   0x000008cc       0x28 ./Core/Src/unit/error_handler.o
 .debug_frame   0x000008f4      0x374 ./Drivers/STM32F4xx_HAL_Driver/Src/stm32f4xx_hal.o
 .debug_frame   0x00000c68      0x3fc ./Drivers/STM32F4xx_HAL_Driver/Src/stm32f4xx_hal_adc.o
 .debug_frame   0x00001064      0x4b8 ./Drivers/STM32F4xx_HAL_Driver/Src/stm32f4xx_hal_cortex.o
 .debug_frame   0x0000151c      0x338 ./Drivers/STM32F4xx_HAL_Driver/Src/stm32f4xx_hal_dac.o
 .debug_frame   0x00001854      0x250 ./Drivers/STM32F4xx_HAL_Driver/Src/stm32f4xx_hal_dma.o
 .debug_frame   0x00001aa4      0x14c ./Drivers/STM32F4xx_HAL_Driver/Src/stm32f4xx_hal_gpio.o
 .debug_frame   0x00001bf0      0x1f4 ./Drivers/STM32F4xx_HAL_Driver/Src/stm32f4xx_hal_rcc.o
 .debug_frame   0x00001de4       0xf0 ./Drivers/STM32F4xx_HAL_Driver/Src/stm32f4xx_hal_rcc_ex.o
 .debug_frame   0x00001ed4      0x3f4 ./Drivers/STM32F4xx_HAL_Driver/Src/stm32f4xx_hal_rtc.o
 .debug_frame   0x000022c8     0x11c0 ./Drivers/STM32F4xx_HAL_Driver/Src/stm32f4xx_hal_tim.o
 .debug_frame   0x00003488      0x638 ./Drivers/STM32F4xx_HAL_Driver/Src/stm32f4xx_hal_tim_ex.o
 .debug_frame   0x00003ac0       0x20 D:/ST/STM32CubeIDE_1.12.1/STM32CubeIDE/plugins/com.st.stm32cube.ide.mcu.externaltools.gnu-tools-for-stm32.12.3.rel1.win32_1.0.100.202403111256/tools/bin/../lib/gcc/arm-none-eabi/12.3.1/../../../../arm-none-eabi/lib/thumb/v7e-m+fp/hard\libc_nano.a(libc_a-memset.o)
 .debug_frame   0x00003ae0       0x2c D:/ST/STM32CubeIDE_1.12.1/STM32CubeIDE/plugins/com.st.stm32cube.ide.mcu.externaltools.gnu-tools-for-stm32.12.3.rel1.win32_1.0.100.202403111256/tools/bin/../lib/gcc/arm-none-eabi/12.3.1/../../../../arm-none-eabi/lib/thumb/v7e-m+fp/hard\libc_nano.a(libc_a-init.o)
 .debug_frame   0x00003b0c       0x38 D:/ST/STM32CubeIDE_1.12.1/STM32CubeIDE/plugins/com.st.stm32cube.ide.mcu.externaltools.gnu-tools-for-stm32.12.3.rel1.win32_1.0.100.202403111256/tools/bin/../lib/gcc/arm-none-eabi/12.3.1/../../../../arm-none-eabi/lib/thumb/v7e-m+fp/hard\libm.a(libm_a-s_sin.o)
 .debug_frame   0x00003b44       0x3c D:/ST/STM32CubeIDE_1.12.1/STM32CubeIDE/plugins/com.st.stm32cube.ide.mcu.externaltools.gnu-tools-for-stm32.12.3.rel1.win32_1.0.100.202403111256/tools/bin/../lib/gcc/arm-none-eabi/12.3.1/../../../../arm-none-eabi/lib/thumb/v7e-m+fp/hard\libm.a(libm_a-k_cos.o)
 .debug_frame   0x00003b80       0x40 D:/ST/STM32CubeIDE_1.12.1/STM32CubeIDE/plugins/com.st.stm32cube.ide.mcu.externaltools.gnu-tools-for-stm32.12.3.rel1.win32_1.0.100.202403111256/tools/bin/../lib/gcc/arm-none-eabi/12.3.1/../../../../arm-none-eabi/lib/thumb/v7e-m+fp/hard\libm.a(libm_a-k_sin.o)
 .debug_frame   0x00003bc0       0x40 D:/ST/STM32CubeIDE_1.12.1/STM32CubeIDE/plugins/com.st.stm32cube.ide.mcu.externaltools.gnu-tools-for-stm32.12.3.rel1.win32_1.0.100.202403111256/tools/bin/../lib/gcc/arm-none-eabi/12.3.1/../../../../arm-none-eabi/lib/thumb/v7e-m+fp/hard\libm.a(libm_a-e_rem_pio2.o)
 .debug_frame   0x00003c00       0x20 D:/ST/STM32CubeIDE_1.12.1/STM32CubeIDE/plugins/com.st.stm32cube.ide.mcu.externaltools.gnu-tools-for-stm32.12.3.rel1.win32_1.0.100.202403111256/tools/bin/../lib/gcc/arm-none-eabi/12.3.1/../../../../arm-none-eabi/lib/thumb/v7e-m+fp/hard\libm.a(libm_a-s_fabs.o)
 .debug_frame   0x00003c20       0x54 D:/ST/STM32CubeIDE_1.12.1/STM32CubeIDE/plugins/com.st.stm32cube.ide.mcu.externaltools.gnu-tools-for-stm32.12.3.rel1.win32_1.0.100.202403111256/tools/bin/../lib/gcc/arm-none-eabi/12.3.1/../../../../arm-none-eabi/lib/thumb/v7e-m+fp/hard\libm.a(libm_a-k_rem_pio2.o)
 .debug_frame   0x00003c74       0x2c D:/ST/STM32CubeIDE_1.12.1/STM32CubeIDE/plugins/com.st.stm32cube.ide.mcu.externaltools.gnu-tools-for-stm32.12.3.rel1.win32_1.0.100.202403111256/tools/bin/../lib/gcc/arm-none-eabi/12.3.1/../../../../arm-none-eabi/lib/thumb/v7e-m+fp/hard\libm.a(libm_a-s_scalbn.o)
 .debug_frame   0x00003ca0       0x30 D:/ST/STM32CubeIDE_1.12.1/STM32CubeIDE/plugins/com.st.stm32cube.ide.mcu.externaltools.gnu-tools-for-stm32.12.3.rel1.win32_1.0.100.202403111256/tools/bin/../lib/gcc/arm-none-eabi/12.3.1/../../../../arm-none-eabi/lib/thumb/v7e-m+fp/hard\libm.a(libm_a-s_floor.o)
 .debug_frame   0x00003cd0       0xac D:/ST/STM32CubeIDE_1.12.1/STM32CubeIDE/plugins/com.st.stm32cube.ide.mcu.externaltools.gnu-tools-for-stm32.12.3.rel1.win32_1.0.100.202403111256/tools/bin/../lib/gcc/arm-none-eabi/12.3.1/thumb/v7e-m+fp/hard\libgcc.a(_arm_addsubdf3.o)
 .debug_frame   0x00003d7c       0x50 D:/ST/STM32CubeIDE_1.12.1/STM32CubeIDE/plugins/com.st.stm32cube.ide.mcu.externaltools.gnu-tools-for-stm32.12.3.rel1.win32_1.0.100.202403111256/tools/bin/../lib/gcc/arm-none-eabi/12.3.1/thumb/v7e-m+fp/hard\libgcc.a(_arm_muldivdf3.o)
 .debug_frame   0x00003dcc       0xc4 D:/ST/STM32CubeIDE_1.12.1/STM32CubeIDE/plugins/com.st.stm32cube.ide.mcu.externaltools.gnu-tools-for-stm32.12.3.rel1.win32_1.0.100.202403111256/tools/bin/../lib/gcc/arm-none-eabi/12.3.1/thumb/v7e-m+fp/hard\libgcc.a(_arm_cmpdf2.o)
 .debug_frame   0x00003e90       0x24 D:/ST/STM32CubeIDE_1.12.1/STM32CubeIDE/plugins/com.st.stm32cube.ide.mcu.externaltools.gnu-tools-for-stm32.12.3.rel1.win32_1.0.100.202403111256/tools/bin/../lib/gcc/arm-none-eabi/12.3.1/thumb/v7e-m+fp/hard\libgcc.a(_arm_fixdfsi.o)
 .debug_frame   0x00003eb4       0x24 D:/ST/STM32CubeIDE_1.12.1/STM32CubeIDE/plugins/com.st.stm32cube.ide.mcu.externaltools.gnu-tools-for-stm32.12.3.rel1.win32_1.0.100.202403111256/tools/bin/../lib/gcc/arm-none-eabi/12.3.1/thumb/v7e-m+fp/hard\libgcc.a(_arm_truncdfsf2.o)
 .debug_frame   0x00003ed8       0x2c D:/ST/STM32CubeIDE_1.12.1/STM32CubeIDE/plugins/com.st.stm32cube.ide.mcu.externaltools.gnu-tools-for-stm32.12.3.rel1.win32_1.0.100.202403111256/tools/bin/../lib/gcc/arm-none-eabi/12.3.1/thumb/v7e-m+fp/hard\libgcc.a(_aeabi_uldivmod.o)
 .debug_frame   0x00003f04       0x34 D:/ST/STM32CubeIDE_1.12.1/STM32CubeIDE/plugins/com.st.stm32cube.ide.mcu.externaltools.gnu-tools-for-stm32.12.3.rel1.win32_1.0.100.202403111256/tools/bin/../lib/gcc/arm-none-eabi/12.3.1/thumb/v7e-m+fp/hard\libgcc.a(_udivmoddi4.o)

.debug_line_str
                0x00000000       0x43
 .debug_line_str
                0x00000000       0x43 ./Core/Startup/startup_stm32f407vetx.o
