../Drivers/STM32F4xx_HAL_Driver/Src/stm32f4xx_hal_dac.c:377:13:HAL_DAC_MspInit	0	static
../Drivers/STM32F4xx_HAL_Driver/Src/stm32f4xx_hal_dac.c:271:19:HAL_DAC_Init	8	static
../Drivers/STM32F4xx_HAL_Driver/Src/stm32f4xx_hal_dac.c:393:13:HAL_DAC_MspDeInit	0	static
../Drivers/STM32F4xx_HAL_Driver/Src/stm32f4xx_hal_dac.c:332:19:HAL_DAC_DeInit	8	static
../Drivers/STM32F4xx_HAL_Driver/Src/stm32f4xx_hal_dac.c:435:19:HAL_DAC_Start	4	static
../Drivers/STM32F4xx_HAL_Driver/Src/stm32f4xx_hal_dac.c:496:19:HAL_DAC_Stop	0	static
../Drivers/STM32F4xx_HAL_Driver/Src/stm32f4xx_hal_dac.c:534:19:HAL_DAC_Start_DMA	24	static
../Drivers/STM32F4xx_HAL_Driver/Src/stm32f4xx_hal_dac.c:666:19:HAL_DAC_Stop_DMA	8	static
../Drivers/STM32F4xx_HAL_Driver/Src/stm32f4xx_hal_dac.c:796:19:HAL_DAC_SetValue	16	static
../Drivers/STM32F4xx_HAL_Driver/Src/stm32f4xx_hal_dac.c:836:13:HAL_DAC_ConvCpltCallbackCh1	0	static
../Drivers/STM32F4xx_HAL_Driver/Src/stm32f4xx_hal_dac.c:1319:6:DAC_DMAConvCpltCh1	8	static
../Drivers/STM32F4xx_HAL_Driver/Src/stm32f4xx_hal_dac.c:852:13:HAL_DAC_ConvHalfCpltCallbackCh1	0	static
../Drivers/STM32F4xx_HAL_Driver/Src/stm32f4xx_hal_dac.c:1338:6:DAC_DMAHalfConvCpltCh1	8	static
../Drivers/STM32F4xx_HAL_Driver/Src/stm32f4xx_hal_dac.c:868:13:HAL_DAC_ErrorCallbackCh1	0	static
../Drivers/STM32F4xx_HAL_Driver/Src/stm32f4xx_hal_dac.c:1355:6:DAC_DMAErrorCh1	8	static
../Drivers/STM32F4xx_HAL_Driver/Src/stm32f4xx_hal_dac.c:884:13:HAL_DAC_DMAUnderrunCallbackCh1	0	static
../Drivers/STM32F4xx_HAL_Driver/Src/stm32f4xx_hal_dac.c:720:6:HAL_DAC_IRQHandler	16	static
../Drivers/STM32F4xx_HAL_Driver/Src/stm32f4xx_hal_dac.c:923:10:HAL_DAC_GetValue	0	static
../Drivers/STM32F4xx_HAL_Driver/Src/stm32f4xx_hal_dac.c:958:19:HAL_DAC_ConfigChannel	8	static
../Drivers/STM32F4xx_HAL_Driver/Src/stm32f4xx_hal_dac.c:1034:22:HAL_DAC_GetState	0	static
../Drivers/STM32F4xx_HAL_Driver/Src/stm32f4xx_hal_dac.c:1047:10:HAL_DAC_GetError	0	static
