../Drivers/STM32F4xx_HAL_Driver/Src/stm32f4xx_hal_rtc_ex.c:186:19:HAL_RTCEx_SetTimeStamp	0	static
../Drivers/STM32F4xx_HAL_Driver/Src/stm32f4xx_hal_rtc_ex.c:258:19:HAL_RTCEx_SetTimeStamp_IT	4	static
../Drivers/STM32F4xx_HAL_Driver/Src/stm32f4xx_hal_rtc_ex.c:321:19:HAL_RTCEx_DeactivateTimeStamp	4	static
../Drivers/STM32F4xx_HAL_Driver/Src/stm32f4xx_hal_rtc_ex.c:365:19:HAL_RTCEx_GetTimeStamp	24	static
../Drivers/STM32F4xx_HAL_Driver/Src/stm32f4xx_hal_rtc_ex.c:418:19:HAL_RTCEx_SetTamper	4	static
../Drivers/STM32F4xx_HAL_Driver/Src/stm32f4xx_hal_rtc_ex.c:495:19:HAL_RTCEx_SetTamper_IT	8	static
../Drivers/STM32F4xx_HAL_Driver/Src/stm32f4xx_hal_rtc_ex.c:580:19:HAL_RTCEx_DeactivateTamper	0	static
../Drivers/STM32F4xx_HAL_Driver/Src/stm32f4xx_hal_rtc_ex.c:678:13:HAL_RTCEx_TimeStampEventCallback	0	static
../Drivers/STM32F4xx_HAL_Driver/Src/stm32f4xx_hal_rtc_ex.c:694:13:HAL_RTCEx_Tamper1EventCallback	0	static
../Drivers/STM32F4xx_HAL_Driver/Src/stm32f4xx_hal_rtc_ex.c:711:13:HAL_RTCEx_Tamper2EventCallback	0	static
../Drivers/STM32F4xx_HAL_Driver/Src/stm32f4xx_hal_rtc_ex.c:606:6:HAL_RTCEx_TamperTimeStampIRQHandler	8	static
../Drivers/STM32F4xx_HAL_Driver/Src/stm32f4xx_hal_rtc_ex.c:729:19:HAL_RTCEx_PollForTimeStampEvent	16	static
../Drivers/STM32F4xx_HAL_Driver/Src/stm32f4xx_hal_rtc_ex.c:772:19:HAL_RTCEx_PollForTamper1Event	16	static
../Drivers/STM32F4xx_HAL_Driver/Src/stm32f4xx_hal_rtc_ex.c:809:19:HAL_RTCEx_PollForTamper2Event	16	static
../Drivers/STM32F4xx_HAL_Driver/Src/stm32f4xx_hal_rtc_ex.c:865:19:HAL_RTCEx_SetWakeUpTimer	24	static
../Drivers/STM32F4xx_HAL_Driver/Src/stm32f4xx_hal_rtc_ex.c:961:19:HAL_RTCEx_SetWakeUpTimer_IT	16	static
../Drivers/STM32F4xx_HAL_Driver/Src/stm32f4xx_hal_rtc_ex.c:1062:19:HAL_RTCEx_DeactivateWakeUpTimer	16	static
../Drivers/STM32F4xx_HAL_Driver/Src/stm32f4xx_hal_rtc_ex.c:1117:10:HAL_RTCEx_GetWakeUpTimer	0	static
../Drivers/STM32F4xx_HAL_Driver/Src/stm32f4xx_hal_rtc_ex.c:1163:13:HAL_RTCEx_WakeUpTimerEventCallback	0	static
../Drivers/STM32F4xx_HAL_Driver/Src/stm32f4xx_hal_rtc_ex.c:1134:6:HAL_RTCEx_WakeUpTimerIRQHandler	8	static
../Drivers/STM32F4xx_HAL_Driver/Src/stm32f4xx_hal_rtc_ex.c:1180:19:HAL_RTCEx_PollForWakeUpTimerEvent	16	static
../Drivers/STM32F4xx_HAL_Driver/Src/stm32f4xx_hal_rtc_ex.c:1248:6:HAL_RTCEx_BKUPWrite	0	static
../Drivers/STM32F4xx_HAL_Driver/Src/stm32f4xx_hal_rtc_ex.c:1271:10:HAL_RTCEx_BKUPRead	0	static
../Drivers/STM32F4xx_HAL_Driver/Src/stm32f4xx_hal_rtc_ex.c:1302:19:HAL_RTCEx_SetCoarseCalib	24	static
../Drivers/STM32F4xx_HAL_Driver/Src/stm32f4xx_hal_rtc_ex.c:1353:19:HAL_RTCEx_DeactivateCoarseCalib	16	static
../Drivers/STM32F4xx_HAL_Driver/Src/stm32f4xx_hal_rtc_ex.c:1411:19:HAL_RTCEx_SetSmoothCalib	32	static
../Drivers/STM32F4xx_HAL_Driver/Src/stm32f4xx_hal_rtc_ex.c:1483:19:HAL_RTCEx_SetSynchroShift	24	static
../Drivers/STM32F4xx_HAL_Driver/Src/stm32f4xx_hal_rtc_ex.c:1578:19:HAL_RTCEx_SetCalibrationOutPut	4	static
../Drivers/STM32F4xx_HAL_Driver/Src/stm32f4xx_hal_rtc_ex.c:1617:19:HAL_RTCEx_DeactivateCalibrationOutPut	0	static
../Drivers/STM32F4xx_HAL_Driver/Src/stm32f4xx_hal_rtc_ex.c:1647:19:HAL_RTCEx_SetRefClock	16	static
../Drivers/STM32F4xx_HAL_Driver/Src/stm32f4xx_hal_rtc_ex.c:1691:19:HAL_RTCEx_DeactivateRefClock	16	static
../Drivers/STM32F4xx_HAL_Driver/Src/stm32f4xx_hal_rtc_ex.c:1737:19:HAL_RTCEx_EnableBypassShadow	0	static
../Drivers/STM32F4xx_HAL_Driver/Src/stm32f4xx_hal_rtc_ex.c:1770:19:HAL_RTCEx_DisableBypassShadow	0	static
../Drivers/STM32F4xx_HAL_Driver/Src/stm32f4xx_hal_rtc_ex.c:1820:13:HAL_RTCEx_AlarmBEventCallback	0	static
../Drivers/STM32F4xx_HAL_Driver/Src/stm32f4xx_hal_rtc_ex.c:1837:19:HAL_RTCEx_PollForAlarmBEvent	16	static
