../Drivers/STM32F4xx_HAL_Driver/Src/stm32f4xx_hal_rtc.c:641:13:HAL_RTC_MspInit	0	static
../Drivers/STM32F4xx_HAL_Driver/Src/stm32f4xx_hal_rtc.c:657:13:HAL_RTC_MspDeInit	0	static
../Drivers/STM32F4xx_HAL_Driver/Src/stm32f4xx_hal_rtc.c:812:19:HAL_RTC_GetTime	12	static
../Drivers/STM32F4xx_HAL_Driver/Src/stm32f4xx_hal_rtc.c:946:19:HAL_RTC_GetDate	8	static
../Drivers/STM32F4xx_HAL_Driver/Src/stm32f4xx_hal_rtc.c:1004:19:HAL_RTC_SetAlarm	24	static
../Drivers/STM32F4xx_HAL_Driver/Src/stm32f4xx_hal_rtc.c:1201:19:HAL_RTC_SetAlarm_IT	32	static
../Drivers/STM32F4xx_HAL_Driver/Src/stm32f4xx_hal_rtc.c:1395:19:HAL_RTC_DeactivateAlarm	16	static
../Drivers/STM32F4xx_HAL_Driver/Src/stm32f4xx_hal_rtc.c:1493:19:HAL_RTC_GetAlarm	20	static
../Drivers/STM32F4xx_HAL_Driver/Src/stm32f4xx_hal_rtc.c:1595:13:HAL_RTC_AlarmAEventCallback	0	static
../Drivers/STM32F4xx_HAL_Driver/Src/stm32f4xx_hal_rtc.c:1544:6:HAL_RTC_AlarmIRQHandler	8	static
../Drivers/STM32F4xx_HAL_Driver/Src/stm32f4xx_hal_rtc.c:1612:19:HAL_RTC_PollForAlarmAEvent	16	static
../Drivers/STM32F4xx_HAL_Driver/Src/stm32f4xx_hal_rtc.c:1676:19:HAL_RTC_WaitForSynchro	16	static
../Drivers/STM32F4xx_HAL_Driver/Src/stm32f4xx_hal_rtc.c:1705:6:HAL_RTC_DST_Add1Hour	0	static
../Drivers/STM32F4xx_HAL_Driver/Src/stm32f4xx_hal_rtc.c:1719:6:HAL_RTC_DST_Sub1Hour	0	static
../Drivers/STM32F4xx_HAL_Driver/Src/stm32f4xx_hal_rtc.c:1733:6:HAL_RTC_DST_SetStoreOperation	0	static
../Drivers/STM32F4xx_HAL_Driver/Src/stm32f4xx_hal_rtc.c:1746:6:HAL_RTC_DST_ClearStoreOperation	0	static
../Drivers/STM32F4xx_HAL_Driver/Src/stm32f4xx_hal_rtc.c:1758:10:HAL_RTC_DST_ReadStoreOperation	0	static
../Drivers/STM32F4xx_HAL_Driver/Src/stm32f4xx_hal_rtc.c:1787:21:HAL_RTC_GetState	0	static
../Drivers/STM32F4xx_HAL_Driver/Src/stm32f4xx_hal_rtc.c:1813:19:RTC_EnterInitMode	16	static
../Drivers/STM32F4xx_HAL_Driver/Src/stm32f4xx_hal_rtc.c:1848:19:RTC_ExitInitMode	16	static
../Drivers/STM32F4xx_HAL_Driver/Src/stm32f4xx_hal_rtc.c:249:19:HAL_RTC_Init	16	static
../Drivers/STM32F4xx_HAL_Driver/Src/stm32f4xx_hal_rtc.c:363:19:HAL_RTC_DeInit	16	static
../Drivers/STM32F4xx_HAL_Driver/Src/stm32f4xx_hal_rtc.c:698:19:HAL_RTC_SetTime	16	static
../Drivers/STM32F4xx_HAL_Driver/Src/stm32f4xx_hal_rtc.c:857:19:HAL_RTC_SetDate	16	static
../Drivers/STM32F4xx_HAL_Driver/Src/stm32f4xx_hal_rtc.c:1874:9:RTC_ByteToBcd2	0	static
../Drivers/STM32F4xx_HAL_Driver/Src/stm32f4xx_hal_rtc.c:1892:9:RTC_Bcd2ToByte	0	static
