../Core/Src/controllers/pid_controller.c:41:13:init_sin_V_ref	16	static
../Core/Src/controllers/pid_controller.c:49:6:init_pid_controller	8	static
../Core/Src/controllers/pid_controller.c:58:13:caclulate_sin_ref_index	4	static
../Core/Src/controllers/pid_controller.c:71:14:calculate_V_error	24	static
../Core/Src/controllers/pid_controller.c:77:14:calculate_if_ref	32	static
../Core/Src/controllers/pid_controller.c:81:14:calculate_V_ref	32	static
../Core/Src/controllers/pid_controller.c:87:7:calculate_PID_V_ref	40	static
