../Core/Src/stm32f4xx_hal_msp.c:66:6:HAL_MspInit	8	static
../Core/Src/stm32f4xx_hal_msp.c:89:6:HAL_ADC_MspInit	48	static
../Core/Src/stm32f4xx_hal_msp.c:143:6:HAL_ADC_MspDeInit	8	static
../Core/Src/stm32f4xx_hal_msp.c:175:6:HAL_DAC_MspInit	40	static
../Core/Src/stm32f4xx_hal_msp.c:208:6:HAL_DAC_MspDeInit	0	static
../Core/Src/stm32f4xx_hal_msp.c:236:6:HAL_RTC_MspInit	24	static
../Core/Src/stm32f4xx_hal_msp.c:269:6:HAL_RTC_MspDeInit	0	static
../Core/Src/stm32f4xx_hal_msp.c:291:6:HAL_TIM_Base_MspInit	16	static
../Core/Src/stm32f4xx_hal_msp.c:312:6:HAL_TIM_MspPostInit	48	static
../Core/Src/stm32f4xx_hal_msp.c:355:6:HAL_TIM_Base_MspDeInit	8	static
